<?xml version="1.0" encoding="ISO-8859-1" ?>
<link_info>
   <banner>TI ARM Linker Unix v18.1.3.LTS</banner>
   <copyright>Copyright (c) 1996-2017 Texas Instruments Incorporated</copyright>
   <link_time>0x5ba9a0a2</link_time>
   <link_errors>0x0</link_errors>
   <output_file>A4988_Driver.out</output_file>
   <entry_point>
      <name>_c_int00_noargs</name>
      <address>0x2f51</address>
   </entry_point>
   <input_file_list>
      <input_file id="fl-2">
         <path>./</path>
         <kind>object</kind>
         <file>tm4c123gh6pm_startup_ccs.obj</file>
         <name>tm4c123gh6pm_startup_ccs.obj</name>
      </input_file>
      <input_file id="fl-3">
         <path>./Tiva_Extra/Tivaware_Dep/driverlib/</path>
         <kind>object</kind>
         <file>epi_workaround_ccs.obj</file>
         <name>epi_workaround_ccs.obj</name>
      </input_file>
      <input_file id="fl-4">
         <path>./Tiva_Extra/Tivaware_Dep/drivers/</path>
         <kind>object</kind>
         <file>buttons.obj</file>
         <name>buttons.obj</name>
      </input_file>
      <input_file id="fl-5">
         <path>./Tiva_Extra/Tivaware_Dep/drivers/</path>
         <kind>object</kind>
         <file>rgb.obj</file>
         <name>rgb.obj</name>
      </input_file>
      <input_file id="fl-6">
         <path>./Tiva_Extra/Tivaware_Dep/utils/</path>
         <kind>object</kind>
         <file>softuart.obj</file>
         <name>softuart.obj</name>
      </input_file>
      <input_file id="fl-7">
         <path>./Tiva_Extra/Tivaware_Dep/utils/</path>
         <kind>object</kind>
         <file>uartstdio.obj</file>
         <name>uartstdio.obj</name>
      </input_file>
      <input_file id="fl-8">
         <path>./Tiva_Extra/Tivaware_Dep/utils/</path>
         <kind>object</kind>
         <file>ustdlib.obj</file>
         <name>ustdlib.obj</name>
      </input_file>
      <input_file id="fl-9">
         <path>./Tiva_Extra/hardware_helper/</path>
         <kind>object</kind>
         <file>hardware_helper.obj</file>
         <name>hardware_helper.obj</name>
      </input_file>
      <input_file id="fl-a">
         <path>./Tiva_Extra/hardware_helper/</path>
         <kind>object</kind>
         <file>hardware_helper_adc.obj</file>
         <name>hardware_helper_adc.obj</name>
      </input_file>
      <input_file id="fl-b">
         <path>./Tiva_Extra/hardware_helper/</path>
         <kind>object</kind>
         <file>hardware_helper_dma.obj</file>
         <name>hardware_helper_dma.obj</name>
      </input_file>
      <input_file id="fl-c">
         <path>./Tiva_Extra/hardware_helper/</path>
         <kind>object</kind>
         <file>hardware_helper_gpio.obj</file>
         <name>hardware_helper_gpio.obj</name>
      </input_file>
      <input_file id="fl-d">
         <path>./Tiva_Extra/hardware_helper/</path>
         <kind>object</kind>
         <file>hardware_helper_pwm.obj</file>
         <name>hardware_helper_pwm.obj</name>
      </input_file>
      <input_file id="fl-e">
         <path>./Tiva_Extra/tiva_utils/</path>
         <kind>object</kind>
         <file>peripheral_utils.obj</file>
         <name>peripheral_utils.obj</name>
      </input_file>
      <input_file id="fl-f">
         <path>./Tiva_Extra/tiva_utils/</path>
         <kind>object</kind>
         <file>pin_utils.obj</file>
         <name>pin_utils.obj</name>
      </input_file>
      <input_file id="fl-10">
         <path>./Tiva_Extra/tiva_utils/</path>
         <kind>object</kind>
         <file>pwm_utils.obj</file>
         <name>pwm_utils.obj</name>
      </input_file>
      <input_file id="fl-11">
         <path>./src/</path>
         <kind>object</kind>
         <file>main.obj</file>
         <name>main.obj</name>
      </input_file>
      <input_file id="fl-12">
         <path>./src/</path>
         <kind>object</kind>
         <file>stepper_driver_A4988.obj</file>
         <name>stepper_driver_A4988.obj</name>
      </input_file>
      <input_file id="fl-1a">
         <kind>object</kind>
         <file>&lt;internal&gt;</file>
         <name>&lt;internal&gt;</name>
      </input_file>
      <input_file id="fl-1b">
         <path>../Tiva_Extra/Tivaware_Dep/driverlib/ccs/Debug/</path>
         <kind>archive</kind>
         <file>driverlib.lib</file>
         <name>gpio.obj</name>
      </input_file>
      <input_file id="fl-1c">
         <path>../Tiva_Extra/Tivaware_Dep/driverlib/ccs/Debug/</path>
         <kind>archive</kind>
         <file>driverlib.lib</file>
         <name>interrupt.obj</name>
      </input_file>
      <input_file id="fl-1d">
         <path>../Tiva_Extra/Tivaware_Dep/driverlib/ccs/Debug/</path>
         <kind>archive</kind>
         <file>driverlib.lib</file>
         <name>pwm.obj</name>
      </input_file>
      <input_file id="fl-1e">
         <path>../Tiva_Extra/Tivaware_Dep/driverlib/ccs/Debug/</path>
         <kind>archive</kind>
         <file>driverlib.lib</file>
         <name>sysctl.obj</name>
      </input_file>
      <input_file id="fl-1f">
         <path>../Tiva_Extra/Tivaware_Dep/driverlib/ccs/Debug/</path>
         <kind>archive</kind>
         <file>driverlib.lib</file>
         <name>cpu.obj</name>
      </input_file>
      <input_file id="fl-d5">
         <path>/home/kd/ti/ccsv8/tools/compiler/ti-cgt-arm_18.1.3.LTS/lib/</path>
         <kind>archive</kind>
         <file>rtsv7M4_T_le_v4SPD16_eabi.lib</file>
         <name>memset_t2.asm.obj</name>
      </input_file>
      <input_file id="fl-d6">
         <path>/home/kd/ti/ccsv8/tools/compiler/ti-cgt-arm_18.1.3.LTS/lib/</path>
         <kind>archive</kind>
         <file>rtsv7M4_T_le_v4SPD16_eabi.lib</file>
         <name>u_divt2.asm.obj</name>
      </input_file>
      <input_file id="fl-d7">
         <path>/home/kd/ti/ccsv8/tools/compiler/ti-cgt-arm_18.1.3.LTS/lib/</path>
         <kind>archive</kind>
         <file>rtsv7M4_T_le_v4SPD16_eabi.lib</file>
         <name>fs_toull_t2.asm.obj</name>
      </input_file>
      <input_file id="fl-d8">
         <path>/home/kd/ti/ccsv8/tools/compiler/ti-cgt-arm_18.1.3.LTS/lib/</path>
         <kind>archive</kind>
         <file>rtsv7M4_T_le_v4SPD16_eabi.lib</file>
         <name>copy_zero_init.c.obj</name>
      </input_file>
      <input_file id="fl-d9">
         <path>/home/kd/ti/ccsv8/tools/compiler/ti-cgt-arm_18.1.3.LTS/lib/</path>
         <kind>archive</kind>
         <file>rtsv7M4_T_le_v4SPD16_eabi.lib</file>
         <name>copy_decompress_none.c.obj</name>
      </input_file>
      <input_file id="fl-da">
         <path>/home/kd/ti/ccsv8/tools/compiler/ti-cgt-arm_18.1.3.LTS/lib/</path>
         <kind>archive</kind>
         <file>rtsv7M4_T_le_v4SPD16_eabi.lib</file>
         <name>copy_decompress_lzss.c.obj</name>
      </input_file>
      <input_file id="fl-db">
         <path>/home/kd/ti/ccsv8/tools/compiler/ti-cgt-arm_18.1.3.LTS/lib/</path>
         <kind>archive</kind>
         <file>rtsv7M4_T_le_v4SPD16_eabi.lib</file>
         <name>assert.c.obj</name>
      </input_file>
      <input_file id="fl-dc">
         <path>/home/kd/ti/ccsv8/tools/compiler/ti-cgt-arm_18.1.3.LTS/lib/</path>
         <kind>archive</kind>
         <file>rtsv7M4_T_le_v4SPD16_eabi.lib</file>
         <name>defs.c.obj</name>
      </input_file>
      <input_file id="fl-dd">
         <path>/home/kd/ti/ccsv8/tools/compiler/ti-cgt-arm_18.1.3.LTS/lib/</path>
         <kind>archive</kind>
         <file>rtsv7M4_T_le_v4SPD16_eabi.lib</file>
         <name>fflush.c.obj</name>
      </input_file>
      <input_file id="fl-de">
         <path>/home/kd/ti/ccsv8/tools/compiler/ti-cgt-arm_18.1.3.LTS/lib/</path>
         <kind>archive</kind>
         <file>rtsv7M4_T_le_v4SPD16_eabi.lib</file>
         <name>fputs.c.obj</name>
      </input_file>
      <input_file id="fl-df">
         <path>/home/kd/ti/ccsv8/tools/compiler/ti-cgt-arm_18.1.3.LTS/lib/</path>
         <kind>archive</kind>
         <file>rtsv7M4_T_le_v4SPD16_eabi.lib</file>
         <name>isdigit.c.obj</name>
      </input_file>
      <input_file id="fl-e0">
         <path>/home/kd/ti/ccsv8/tools/compiler/ti-cgt-arm_18.1.3.LTS/lib/</path>
         <kind>archive</kind>
         <file>rtsv7M4_T_le_v4SPD16_eabi.lib</file>
         <name>memchr.c.obj</name>
      </input_file>
      <input_file id="fl-e1">
         <path>/home/kd/ti/ccsv8/tools/compiler/ti-cgt-arm_18.1.3.LTS/lib/</path>
         <kind>archive</kind>
         <file>rtsv7M4_T_le_v4SPD16_eabi.lib</file>
         <name>strlen.c.obj</name>
      </input_file>
      <input_file id="fl-e2">
         <path>/home/kd/ti/ccsv8/tools/compiler/ti-cgt-arm_18.1.3.LTS/lib/</path>
         <kind>archive</kind>
         <file>rtsv7M4_T_le_v4SPD16_eabi.lib</file>
         <name>write.c.obj</name>
      </input_file>
      <input_file id="fl-e3">
         <path>/home/kd/ti/ccsv8/tools/compiler/ti-cgt-arm_18.1.3.LTS/lib/</path>
         <kind>archive</kind>
         <file>rtsv7M4_T_le_v4SPD16_eabi.lib</file>
         <name>boot_cortex_m.c.obj</name>
      </input_file>
      <input_file id="fl-e4">
         <path>/home/kd/ti/ccsv8/tools/compiler/ti-cgt-arm_18.1.3.LTS/lib/</path>
         <kind>archive</kind>
         <file>rtsv7M4_T_le_v4SPD16_eabi.lib</file>
         <name>div0.asm.obj</name>
      </input_file>
      <input_file id="fl-e5">
         <path>/home/kd/ti/ccsv8/tools/compiler/ti-cgt-arm_18.1.3.LTS/lib/</path>
         <kind>archive</kind>
         <file>rtsv7M4_T_le_v4SPD16_eabi.lib</file>
         <name>memcpy_t2.asm.obj</name>
      </input_file>
      <input_file id="fl-e6">
         <path>/home/kd/ti/ccsv8/tools/compiler/ti-cgt-arm_18.1.3.LTS/lib/</path>
         <kind>archive</kind>
         <file>rtsv7M4_T_le_v4SPD16_eabi.lib</file>
         <name>autoinit.c.obj</name>
      </input_file>
      <input_file id="fl-e7">
         <path>/home/kd/ti/ccsv8/tools/compiler/ti-cgt-arm_18.1.3.LTS/lib/</path>
         <kind>archive</kind>
         <file>rtsv7M4_T_le_v4SPD16_eabi.lib</file>
         <name>pre_init.c.obj</name>
      </input_file>
      <input_file id="fl-e8">
         <path>/home/kd/ti/ccsv8/tools/compiler/ti-cgt-arm_18.1.3.LTS/lib/</path>
         <kind>archive</kind>
         <file>rtsv7M4_T_le_v4SPD16_eabi.lib</file>
         <name>cpy_tbl.c.obj</name>
      </input_file>
      <input_file id="fl-e9">
         <path>/home/kd/ti/ccsv8/tools/compiler/ti-cgt-arm_18.1.3.LTS/lib/</path>
         <kind>archive</kind>
         <file>rtsv7M4_T_le_v4SPD16_eabi.lib</file>
         <name>exit.c.obj</name>
      </input_file>
      <input_file id="fl-ea">
         <path>/home/kd/ti/ccsv8/tools/compiler/ti-cgt-arm_18.1.3.LTS/lib/</path>
         <kind>archive</kind>
         <file>rtsv7M4_T_le_v4SPD16_eabi.lib</file>
         <name>_io_perm.c.obj</name>
      </input_file>
      <input_file id="fl-eb">
         <path>/home/kd/ti/ccsv8/tools/compiler/ti-cgt-arm_18.1.3.LTS/lib/</path>
         <kind>archive</kind>
         <file>rtsv7M4_T_le_v4SPD16_eabi.lib</file>
         <name>_lock.c.obj</name>
      </input_file>
      <input_file id="fl-ec">
         <path>/home/kd/ti/ccsv8/tools/compiler/ti-cgt-arm_18.1.3.LTS/lib/</path>
         <kind>archive</kind>
         <file>rtsv7M4_T_le_v4SPD16_eabi.lib</file>
         <name>args_main.c.obj</name>
      </input_file>
      <input_file id="fl-ed">
         <path>/home/kd/ti/ccsv8/tools/compiler/ti-cgt-arm_18.1.3.LTS/lib/</path>
         <kind>archive</kind>
         <file>rtsv7M4_T_le_v4SPD16_eabi.lib</file>
         <name>ctype.c.obj</name>
      </input_file>
      <input_file id="fl-ee">
         <path>/home/kd/ti/ccsv8/tools/compiler/ti-cgt-arm_18.1.3.LTS/lib/</path>
         <kind>archive</kind>
         <file>rtsv7M4_T_le_v4SPD16_eabi.lib</file>
         <name>fseek.c.obj</name>
      </input_file>
      <input_file id="fl-ef">
         <path>/home/kd/ti/ccsv8/tools/compiler/ti-cgt-arm_18.1.3.LTS/lib/</path>
         <kind>archive</kind>
         <file>rtsv7M4_T_le_v4SPD16_eabi.lib</file>
         <name>lseek.c.obj</name>
      </input_file>
      <input_file id="fl-f0">
         <path>/home/kd/ti/ccsv8/tools/compiler/ti-cgt-arm_18.1.3.LTS/lib/</path>
         <kind>archive</kind>
         <file>rtsv7M4_T_le_v4SPD16_eabi.lib</file>
         <name>setvbuf.c.obj</name>
      </input_file>
      <input_file id="fl-f1">
         <path>/home/kd/ti/ccsv8/tools/compiler/ti-cgt-arm_18.1.3.LTS/lib/</path>
         <kind>archive</kind>
         <file>rtsv7M4_T_le_v4SPD16_eabi.lib</file>
         <name>hostclose.c.obj</name>
      </input_file>
      <input_file id="fl-f2">
         <path>/home/kd/ti/ccsv8/tools/compiler/ti-cgt-arm_18.1.3.LTS/lib/</path>
         <kind>archive</kind>
         <file>rtsv7M4_T_le_v4SPD16_eabi.lib</file>
         <name>hostlseek.c.obj</name>
      </input_file>
      <input_file id="fl-f3">
         <path>/home/kd/ti/ccsv8/tools/compiler/ti-cgt-arm_18.1.3.LTS/lib/</path>
         <kind>archive</kind>
         <file>rtsv7M4_T_le_v4SPD16_eabi.lib</file>
         <name>hostopen.c.obj</name>
      </input_file>
      <input_file id="fl-f4">
         <path>/home/kd/ti/ccsv8/tools/compiler/ti-cgt-arm_18.1.3.LTS/lib/</path>
         <kind>archive</kind>
         <file>rtsv7M4_T_le_v4SPD16_eabi.lib</file>
         <name>hostread.c.obj</name>
      </input_file>
      <input_file id="fl-f5">
         <path>/home/kd/ti/ccsv8/tools/compiler/ti-cgt-arm_18.1.3.LTS/lib/</path>
         <kind>archive</kind>
         <file>rtsv7M4_T_le_v4SPD16_eabi.lib</file>
         <name>hostrename.c.obj</name>
      </input_file>
      <input_file id="fl-f6">
         <path>/home/kd/ti/ccsv8/tools/compiler/ti-cgt-arm_18.1.3.LTS/lib/</path>
         <kind>archive</kind>
         <file>rtsv7M4_T_le_v4SPD16_eabi.lib</file>
         <name>hostunlink.c.obj</name>
      </input_file>
      <input_file id="fl-f7">
         <path>/home/kd/ti/ccsv8/tools/compiler/ti-cgt-arm_18.1.3.LTS/lib/</path>
         <kind>archive</kind>
         <file>rtsv7M4_T_le_v4SPD16_eabi.lib</file>
         <name>hostwrite.c.obj</name>
      </input_file>
      <input_file id="fl-f8">
         <path>/home/kd/ti/ccsv8/tools/compiler/ti-cgt-arm_18.1.3.LTS/lib/</path>
         <kind>archive</kind>
         <file>rtsv7M4_T_le_v4SPD16_eabi.lib</file>
         <name>trgmsg.c.obj</name>
      </input_file>
      <input_file id="fl-f9">
         <path>/home/kd/ti/ccsv8/tools/compiler/ti-cgt-arm_18.1.3.LTS/lib/</path>
         <kind>archive</kind>
         <file>rtsv7M4_T_le_v4SPD16_eabi.lib</file>
         <name>memory.c.obj</name>
      </input_file>
      <input_file id="fl-fa">
         <path>/home/kd/ti/ccsv8/tools/compiler/ti-cgt-arm_18.1.3.LTS/lib/</path>
         <kind>archive</kind>
         <file>rtsv7M4_T_le_v4SPD16_eabi.lib</file>
         <name>fopen.c.obj</name>
      </input_file>
      <input_file id="fl-fb">
         <path>/home/kd/ti/ccsv8/tools/compiler/ti-cgt-arm_18.1.3.LTS/lib/</path>
         <kind>archive</kind>
         <file>rtsv7M4_T_le_v4SPD16_eabi.lib</file>
         <name>open.c.obj</name>
      </input_file>
      <input_file id="fl-fc">
         <path>/home/kd/ti/ccsv8/tools/compiler/ti-cgt-arm_18.1.3.LTS/lib/</path>
         <kind>archive</kind>
         <file>rtsv7M4_T_le_v4SPD16_eabi.lib</file>
         <name>strcpy.c.obj</name>
      </input_file>
      <input_file id="fl-fd">
         <path>/home/kd/ti/ccsv8/tools/compiler/ti-cgt-arm_18.1.3.LTS/lib/</path>
         <kind>archive</kind>
         <file>rtsv7M4_T_le_v4SPD16_eabi.lib</file>
         <name>fclose.c.obj</name>
      </input_file>
      <input_file id="fl-fe">
         <path>/home/kd/ti/ccsv8/tools/compiler/ti-cgt-arm_18.1.3.LTS/lib/</path>
         <kind>archive</kind>
         <file>rtsv7M4_T_le_v4SPD16_eabi.lib</file>
         <name>getdevice.c.obj</name>
      </input_file>
      <input_file id="fl-ff">
         <path>/home/kd/ti/ccsv8/tools/compiler/ti-cgt-arm_18.1.3.LTS/lib/</path>
         <kind>archive</kind>
         <file>rtsv7M4_T_le_v4SPD16_eabi.lib</file>
         <name>remove.c.obj</name>
      </input_file>
      <input_file id="fl-100">
         <path>/home/kd/ti/ccsv8/tools/compiler/ti-cgt-arm_18.1.3.LTS/lib/</path>
         <kind>archive</kind>
         <file>rtsv7M4_T_le_v4SPD16_eabi.lib</file>
         <name>strchr.c.obj</name>
      </input_file>
      <input_file id="fl-101">
         <path>/home/kd/ti/ccsv8/tools/compiler/ti-cgt-arm_18.1.3.LTS/lib/</path>
         <kind>archive</kind>
         <file>rtsv7M4_T_le_v4SPD16_eabi.lib</file>
         <name>strcmp.c.obj</name>
      </input_file>
      <input_file id="fl-102">
         <path>/home/kd/ti/ccsv8/tools/compiler/ti-cgt-arm_18.1.3.LTS/lib/</path>
         <kind>archive</kind>
         <file>rtsv7M4_T_le_v4SPD16_eabi.lib</file>
         <name>strncpy.c.obj</name>
      </input_file>
      <input_file id="fl-103">
         <path>/home/kd/ti/ccsv8/tools/compiler/ti-cgt-arm_18.1.3.LTS/lib/</path>
         <kind>archive</kind>
         <file>rtsv7M4_T_le_v4SPD16_eabi.lib</file>
         <name>unlink.c.obj</name>
      </input_file>
      <input_file id="fl-104">
         <path>/home/kd/ti/ccsv8/tools/compiler/ti-cgt-arm_18.1.3.LTS/lib/</path>
         <kind>archive</kind>
         <file>rtsv7M4_T_le_v4SPD16_eabi.lib</file>
         <name>close.c.obj</name>
      </input_file>
   </input_file_list>
   <object_component_list>
      <object_component id="oc-f">
         <name>.intvecs</name>
         <load_address>0x0</load_address>
         <run_address>0x0</run_address>
         <size>0x26c</size>
         <input_file_ref idref="fl-2"/>
      </object_component>
      <object_component id="oc-132">
         <name>.text</name>
         <load_address>0x26c</load_address>
         <run_address>0x26c</run_address>
         <size>0xb40</size>
         <input_file_ref idref="fl-f"/>
      </object_component>
      <object_component id="oc-19b">
         <name>.text</name>
         <load_address>0xdac</load_address>
         <run_address>0xdac</run_address>
         <size>0x7ca</size>
         <input_file_ref idref="fl-d"/>
      </object_component>
      <object_component id="oc-206">
         <name>.text:_nop</name>
         <load_address>0x1576</load_address>
         <run_address>0x1576</run_address>
         <size>0x2</size>
         <input_file_ref idref="fl-eb"/>
      </object_component>
      <object_component id="oc-195">
         <name>.text</name>
         <load_address>0x1578</load_address>
         <run_address>0x1578</run_address>
         <size>0x36c</size>
         <input_file_ref idref="fl-c"/>
      </object_component>
      <object_component id="oc-12c">
         <name>.text</name>
         <load_address>0x18e4</load_address>
         <run_address>0x18e4</run_address>
         <size>0x2cc</size>
         <input_file_ref idref="fl-9"/>
      </object_component>
      <object_component id="oc-d8">
         <name>.text</name>
         <load_address>0x1bb0</load_address>
         <run_address>0x1bb0</run_address>
         <size>0x234</size>
         <input_file_ref idref="fl-12"/>
      </object_component>
      <object_component id="oc-1a1">
         <name>.text</name>
         <load_address>0x1de4</load_address>
         <run_address>0x1de4</run_address>
         <size>0x1bc</size>
         <input_file_ref idref="fl-e"/>
      </object_component>
      <object_component id="oc-138">
         <name>.text</name>
         <load_address>0x1fa0</load_address>
         <run_address>0x1fa0</run_address>
         <size>0x134</size>
         <input_file_ref idref="fl-10"/>
      </object_component>
      <object_component id="oc-1c7">
         <name>.text:GPIOPadConfigSet</name>
         <load_address>0x20d4</load_address>
         <run_address>0x20d4</run_address>
         <size>0x132</size>
         <input_file_ref idref="fl-1b"/>
      </object_component>
      <object_component id="oc-1dc">
         <name>.text:SysCtlClockGet</name>
         <load_address>0x2208</load_address>
         <run_address>0x2208</run_address>
         <size>0x118</size>
         <input_file_ref idref="fl-1e"/>
      </object_component>
      <object_component id="oc-22a">
         <name>.text:fputs</name>
         <load_address>0x2320</load_address>
         <run_address>0x2320</run_address>
         <size>0x114</size>
         <input_file_ref idref="fl-de"/>
      </object_component>
      <object_component id="oc-d2">
         <name>.text:SysCtlClockSet</name>
         <load_address>0x2434</load_address>
         <run_address>0x2434</run_address>
         <size>0xf4</size>
         <input_file_ref idref="fl-1e"/>
      </object_component>
      <object_component id="oc-33e">
         <name>.text:setvbuf</name>
         <load_address>0x2528</load_address>
         <run_address>0x2528</run_address>
         <size>0xdc</size>
         <input_file_ref idref="fl-f0"/>
      </object_component>
      <object_component id="oc-360">
         <name>.text:free</name>
         <load_address>0x2604</load_address>
         <run_address>0x2604</run_address>
         <size>0xd8</size>
         <input_file_ref idref="fl-f9"/>
      </object_component>
      <object_component id="oc-3b">
         <name>.text</name>
         <load_address>0x26dc</load_address>
         <run_address>0x26dc</run_address>
         <size>0x9c</size>
         <input_file_ref idref="fl-e5"/>
      </object_component>
      <object_component id="oc-230">
         <name>.text:fflush</name>
         <load_address>0x2778</load_address>
         <run_address>0x2778</run_address>
         <size>0x7c</size>
         <input_file_ref idref="fl-dd"/>
      </object_component>
      <object_component id="oc-366">
         <name>.text:malloc</name>
         <load_address>0x27f4</load_address>
         <run_address>0x27f4</run_address>
         <size>0x78</size>
         <input_file_ref idref="fl-f9"/>
      </object_component>
      <object_component id="oc-3a9">
         <name>.text:__TI_closefile</name>
         <load_address>0x286c</load_address>
         <run_address>0x286c</run_address>
         <size>0x74</size>
         <input_file_ref idref="fl-fd"/>
      </object_component>
      <object_component id="oc-3ca">
         <name>.text:HOSTlseek</name>
         <load_address>0x28e0</load_address>
         <run_address>0x28e0</run_address>
         <size>0x68</size>
         <input_file_ref idref="fl-f2"/>
      </object_component>
      <object_component id="oc-3d6">
         <name>.text:HOSTrename</name>
         <load_address>0x2948</load_address>
         <run_address>0x2948</run_address>
         <size>0x68</size>
         <input_file_ref idref="fl-f5"/>
      </object_component>
      <object_component id="oc-12">
         <name>.text:decompress:lzss:__TI_decompress_lzss</name>
         <load_address>0x29b0</load_address>
         <run_address>0x29b0</run_address>
         <size>0x68</size>
         <input_file_ref idref="fl-da"/>
      </object_component>
      <object_component id="oc-9f">
         <name>.text</name>
         <load_address>0x2a18</load_address>
         <run_address>0x2a18</run_address>
         <size>0x68</size>
         <input_file_ref idref="fl-11"/>
      </object_component>
      <object_component id="oc-338">
         <name>.text:fseek</name>
         <load_address>0x2a80</load_address>
         <run_address>0x2a80</run_address>
         <size>0x64</size>
         <input_file_ref idref="fl-ee"/>
      </object_component>
      <object_component id="oc-2e8">
         <name>.text:__TI_wrt_ok</name>
         <load_address>0x2ae4</load_address>
         <run_address>0x2ae4</run_address>
         <size>0x62</size>
         <input_file_ref idref="fl-ea"/>
      </object_component>
      <object_component id="oc-3b2">
         <name>.text:HOSTopen</name>
         <load_address>0x2b48</load_address>
         <run_address>0x2b48</run_address>
         <size>0x60</size>
         <input_file_ref idref="fl-f3"/>
      </object_component>
      <object_component id="oc-3e5">
         <name>.text:close</name>
         <load_address>0x2ba8</load_address>
         <run_address>0x2ba8</run_address>
         <size>0x5c</size>
         <input_file_ref idref="fl-104"/>
      </object_component>
      <object_component id="oc-3be">
         <name>.text:HOSTread</name>
         <load_address>0x2c04</load_address>
         <run_address>0x2c04</run_address>
         <size>0x58</size>
         <input_file_ref idref="fl-f4"/>
      </object_component>
      <object_component id="oc-3c4">
         <name>.text:HOSTwrite</name>
         <load_address>0x2c5c</load_address>
         <run_address>0x2c5c</run_address>
         <size>0x58</size>
         <input_file_ref idref="fl-f7"/>
      </object_component>
      <object_component id="oc-2a9">
         <name>.text:GPIOPinConfigure</name>
         <load_address>0x2cb4</load_address>
         <run_address>0x2cb4</run_address>
         <size>0x4c</size>
         <input_file_ref idref="fl-1b"/>
      </object_component>
      <object_component id="oc-2f4">
         <name>.text:__TI_doflush</name>
         <load_address>0x2d00</load_address>
         <run_address>0x2d00</run_address>
         <size>0x4c</size>
         <input_file_ref idref="fl-dd"/>
      </object_component>
      <object_component id="oc-ec">
         <name>.text:exit</name>
         <load_address>0x2d4c</load_address>
         <run_address>0x2d4c</run_address>
         <size>0x48</size>
         <input_file_ref idref="fl-e9"/>
      </object_component>
      <object_component id="oc-3b8">
         <name>.text:HOSTclose</name>
         <load_address>0x2d94</load_address>
         <run_address>0x2d94</run_address>
         <size>0x44</size>
         <input_file_ref idref="fl-f1"/>
      </object_component>
      <object_component id="oc-3d0">
         <name>.text:HOSTunlink</name>
         <load_address>0x2dd8</load_address>
         <run_address>0x2dd8</run_address>
         <size>0x44</size>
         <input_file_ref idref="fl-f6"/>
      </object_component>
      <object_component id="oc-f2">
         <name>.text:__TI_auto_init_nobinit_nopinit:__TI_auto_init_nobinit_nopinit</name>
         <load_address>0x2e1c</load_address>
         <run_address>0x2e1c</run_address>
         <size>0x44</size>
         <input_file_ref idref="fl-e6"/>
      </object_component>
      <object_component id="oc-418">
         <name>.text:getdevice</name>
         <load_address>0x2e60</load_address>
         <run_address>0x2e60</run_address>
         <size>0x44</size>
         <input_file_ref idref="fl-fe"/>
      </object_component>
      <object_component id="oc-39e">
         <name>.text:minsert</name>
         <load_address>0x2ea4</load_address>
         <run_address>0x2ea4</run_address>
         <size>0x3c</size>
         <input_file_ref idref="fl-f9"/>
      </object_component>
      <object_component id="oc-249">
         <name>.text:SysCtlPeripheralReady</name>
         <load_address>0x2ee0</load_address>
         <run_address>0x2ee0</run_address>
         <size>0x38</size>
         <input_file_ref idref="fl-1e"/>
      </object_component>
      <object_component id="oc-3f4">
         <name>.text:__TI_writemsg</name>
         <load_address>0x2f18</load_address>
         <run_address>0x2f18</run_address>
         <size>0x38</size>
         <input_file_ref idref="fl-f8"/>
      </object_component>
      <object_component id="oc-59">
         <name>.text:_c_int00_noargs:_c_int00_noargs</name>
         <load_address>0x2f50</load_address>
         <run_address>0x2f50</run_address>
         <size>0x38</size>
         <input_file_ref idref="fl-e3"/>
      </object_component>
      <object_component id="oc-392">
         <name>.text:minit</name>
         <load_address>0x2f88</load_address>
         <run_address>0x2f88</run_address>
         <size>0x38</size>
         <input_file_ref idref="fl-f9"/>
      </object_component>
      <object_component id="oc-440">
         <name>.text:strncpy</name>
         <load_address>0x2fc0</load_address>
         <run_address>0x2fc0</run_address>
         <size>0x36</size>
         <input_file_ref idref="fl-102"/>
      </object_component>
      <object_component id="oc-243">
         <name>.text:SysCtlPeripheralEnable</name>
         <load_address>0x2ff8</load_address>
         <run_address>0x2ff8</run_address>
         <size>0x34</size>
         <input_file_ref idref="fl-1e"/>
      </object_component>
      <object_component id="oc-36c">
         <name>.text:__TI_cleanup</name>
         <load_address>0x302c</load_address>
         <run_address>0x302c</run_address>
         <size>0x34</size>
         <input_file_ref idref="fl-fa"/>
      </object_component>
      <object_component id="oc-3fa">
         <name>.text:__TI_readmsg</name>
         <load_address>0x3060</load_address>
         <run_address>0x3060</run_address>
         <size>0x34</size>
         <input_file_ref idref="fl-f8"/>
      </object_component>
      <object_component id="oc-446">
         <name>.text:finddevice</name>
         <load_address>0x3094</load_address>
         <run_address>0x3094</run_address>
         <size>0x30</size>
         <input_file_ref idref="fl-fe"/>
      </object_component>
      <object_component id="oc-2b9">
         <name>.text:GPIODirModeSet</name>
         <load_address>0x30c4</load_address>
         <run_address>0x30c4</run_address>
         <size>0x2c</size>
         <input_file_ref idref="fl-1b"/>
      </object_component>
      <object_component id="oc-3eb">
         <name>.text:unlink</name>
         <load_address>0x30f0</load_address>
         <run_address>0x30f0</run_address>
         <size>0x2c</size>
         <input_file_ref idref="fl-103"/>
      </object_component>
      <object_component id="oc-358">
         <name>.text:lseek</name>
         <load_address>0x311c</load_address>
         <run_address>0x311c</run_address>
         <size>0x28</size>
         <input_file_ref idref="fl-ef"/>
      </object_component>
      <object_component id="oc-398">
         <name>.text:mremove</name>
         <load_address>0x3144</load_address>
         <run_address>0x3144</run_address>
         <size>0x28</size>
         <input_file_ref idref="fl-f9"/>
      </object_component>
      <object_component id="oc-2fa">
         <name>.text:write</name>
         <load_address>0x316c</load_address>
         <run_address>0x316c</run_address>
         <size>0x28</size>
         <input_file_ref idref="fl-e2"/>
      </object_component>
      <object_component id="oc-1d0">
         <name>.text:PWMGenConfigure</name>
         <load_address>0x3194</load_address>
         <run_address>0x3194</run_address>
         <size>0x22</size>
         <input_file_ref idref="fl-1d"/>
      </object_component>
      <object_component id="oc-2ee">
         <name>.text:memchr</name>
         <load_address>0x31b6</load_address>
         <run_address>0x31b6</run_address>
         <size>0x20</size>
         <input_file_ref idref="fl-e0"/>
      </object_component>
      <object_component id="oc-1e8">
         <name>.text:PWMPulseWidthSet</name>
         <load_address>0x31d6</load_address>
         <run_address>0x31d6</run_address>
         <size>0x1e</size>
         <input_file_ref idref="fl-1d"/>
      </object_component>
      <object_component id="oc-189">
         <name>.text:_abort_msg</name>
         <load_address>0x31f4</load_address>
         <run_address>0x31f4</run_address>
         <size>0x1c</size>
         <input_file_ref idref="fl-db"/>
      </object_component>
      <object_component id="oc-1b5">
         <name>.text:GPIOPinTypeGPIOOutput</name>
         <load_address>0x3210</load_address>
         <run_address>0x3210</run_address>
         <size>0x18</size>
         <input_file_ref idref="fl-1b"/>
      </object_component>
      <object_component id="oc-24f">
         <name>.text:GPIOPinTypeGPIOOutputOD</name>
         <load_address>0x3228</load_address>
         <run_address>0x3228</run_address>
         <size>0x18</size>
         <input_file_ref idref="fl-1b"/>
      </object_component>
      <object_component id="oc-45f">
         <name>.text:strcmp</name>
         <load_address>0x3240</load_address>
         <run_address>0x3240</run_address>
         <size>0x18</size>
         <input_file_ref idref="fl-101"/>
      </object_component>
      <object_component id="oc-255">
         <name>.text:GPIOPinTypeADC</name>
         <load_address>0x3258</load_address>
         <run_address>0x3258</run_address>
         <size>0x16</size>
         <input_file_ref idref="fl-1b"/>
      </object_component>
      <object_component id="oc-261">
         <name>.text:GPIOPinTypeCAN</name>
         <load_address>0x326e</load_address>
         <run_address>0x326e</run_address>
         <size>0x16</size>
         <input_file_ref idref="fl-1b"/>
      </object_component>
      <object_component id="oc-29d">
         <name>.text:GPIOPinTypeComparator</name>
         <load_address>0x3284</load_address>
         <run_address>0x3284</run_address>
         <size>0x16</size>
         <input_file_ref idref="fl-1b"/>
      </object_component>
      <object_component id="oc-2a3">
         <name>.text:GPIOPinTypeComparatorOutput</name>
         <load_address>0x329a</load_address>
         <run_address>0x329a</run_address>
         <size>0x16</size>
         <input_file_ref idref="fl-1b"/>
      </object_component>
      <object_component id="oc-1af">
         <name>.text:GPIOPinTypeGPIOInput</name>
         <load_address>0x32b0</load_address>
         <run_address>0x32b0</run_address>
         <size>0x16</size>
         <input_file_ref idref="fl-1b"/>
      </object_component>
      <object_component id="oc-273">
         <name>.text:GPIOPinTypeI2C</name>
         <load_address>0x32c6</load_address>
         <run_address>0x32c6</run_address>
         <size>0x16</size>
         <input_file_ref idref="fl-1b"/>
      </object_component>
      <object_component id="oc-279">
         <name>.text:GPIOPinTypeI2CSCL</name>
         <load_address>0x32dc</load_address>
         <run_address>0x32dc</run_address>
         <size>0x16</size>
         <input_file_ref idref="fl-1b"/>
      </object_component>
      <object_component id="oc-25b">
         <name>.text:GPIOPinTypePWM</name>
         <load_address>0x32f2</load_address>
         <run_address>0x32f2</run_address>
         <size>0x16</size>
         <input_file_ref idref="fl-1b"/>
      </object_component>
      <object_component id="oc-291">
         <name>.text:GPIOPinTypeQEI</name>
         <load_address>0x3308</load_address>
         <run_address>0x3308</run_address>
         <size>0x16</size>
         <input_file_ref idref="fl-1b"/>
      </object_component>
      <object_component id="oc-26d">
         <name>.text:GPIOPinTypeSSI</name>
         <load_address>0x331e</load_address>
         <run_address>0x331e</run_address>
         <size>0x16</size>
         <input_file_ref idref="fl-1b"/>
      </object_component>
      <object_component id="oc-27f">
         <name>.text:GPIOPinTypeTimer</name>
         <load_address>0x3334</load_address>
         <run_address>0x3334</run_address>
         <size>0x16</size>
         <input_file_ref idref="fl-1b"/>
      </object_component>
      <object_component id="oc-297">
         <name>.text:GPIOPinTypeTrace</name>
         <load_address>0x334a</load_address>
         <run_address>0x334a</run_address>
         <size>0x16</size>
         <input_file_ref idref="fl-1b"/>
      </object_component>
      <object_component id="oc-267">
         <name>.text:GPIOPinTypeUART</name>
         <load_address>0x3360</load_address>
         <run_address>0x3360</run_address>
         <size>0x16</size>
         <input_file_ref idref="fl-1b"/>
      </object_component>
      <object_component id="oc-28b">
         <name>.text:GPIOPinTypeUSBAnalog</name>
         <load_address>0x3376</load_address>
         <run_address>0x3376</run_address>
         <size>0x16</size>
         <input_file_ref idref="fl-1b"/>
      </object_component>
      <object_component id="oc-285">
         <name>.text:GPIOPinTypeUSBDigital</name>
         <load_address>0x338c</load_address>
         <run_address>0x338c</run_address>
         <size>0x16</size>
         <input_file_ref idref="fl-1b"/>
      </object_component>
      <object_component id="oc-43a">
         <name>.text:strchr</name>
         <load_address>0x33a2</load_address>
         <run_address>0x33a2</run_address>
         <size>0x16</size>
         <input_file_ref idref="fl-100"/>
      </object_component>
      <object_component id="oc-1d6">
         <name>.text:SysCtlPWMClockSet</name>
         <load_address>0x33b8</load_address>
         <run_address>0x33b8</run_address>
         <size>0x14</size>
         <input_file_ref idref="fl-1e"/>
      </object_component>
      <object_component id="oc-40e">
         <name>.text:strcpy</name>
         <load_address>0x33cc</load_address>
         <run_address>0x33cc</run_address>
         <size>0x14</size>
         <input_file_ref idref="fl-fc"/>
      </object_component>
      <object_component id="oc-18f">
         <name>.text:strlen</name>
         <load_address>0x33e0</load_address>
         <run_address>0x33e0</run_address>
         <size>0x14</size>
         <input_file_ref idref="fl-e1"/>
      </object_component>
      <object_component id="oc-1f4">
         <name>.text:PWMOutputState</name>
         <load_address>0x33f4</load_address>
         <run_address>0x33f4</run_address>
         <size>0x12</size>
         <input_file_ref idref="fl-1d"/>
      </object_component>
      <object_component id="oc-47">
         <name>.text:decompress:ZI:__TI_zero_init_nomemset:__TI_zero_init_nomemset</name>
         <load_address>0x3406</load_address>
         <run_address>0x3406</run_address>
         <size>0x12</size>
         <input_file_ref idref="fl-d8"/>
      </object_component>
      <object_component id="oc-1e2">
         <name>.text:PWMGenPeriodSet</name>
         <load_address>0x3418</load_address>
         <run_address>0x3418</run_address>
         <size>0x10</size>
         <input_file_ref idref="fl-1d"/>
      </object_component>
      <object_component id="oc-183">
         <name>.text:isdigit</name>
         <load_address>0x3428</load_address>
         <run_address>0x3428</run_address>
         <size>0x10</size>
         <input_file_ref idref="fl-df"/>
      </object_component>
      <object_component id="oc-18">
         <name>.text:decompress:none:__TI_decompress_none</name>
         <load_address>0x3438</load_address>
         <run_address>0x3438</run_address>
         <size>0xe</size>
         <input_file_ref idref="fl-d9"/>
      </object_component>
      <object_component id="oc-1ee">
         <name>.text:PWMGenEnable</name>
         <load_address>0x3446</load_address>
         <run_address>0x3446</run_address>
         <size>0xc</size>
         <input_file_ref idref="fl-1d"/>
      </object_component>
      <object_component id="oc-27">
         <name>.text</name>
         <load_address>0x3452</load_address>
         <run_address>0x3452</run_address>
         <size>0xc</size>
         <input_file_ref idref="fl-2"/>
      </object_component>
      <object_component id="oc-1c1">
         <name>.text:GPIOPinRead</name>
         <load_address>0x345e</load_address>
         <run_address>0x345e</run_address>
         <size>0x6</size>
         <input_file_ref idref="fl-1b"/>
      </object_component>
      <object_component id="oc-1bb">
         <name>.text:GPIOPinWrite</name>
         <load_address>0x3464</load_address>
         <run_address>0x3464</run_address>
         <size>0x6</size>
         <input_file_ref idref="fl-1b"/>
      </object_component>
      <object_component id="oc-129">
         <name>.text:SysCtlDelay</name>
         <load_address>0x346a</load_address>
         <run_address>0x346a</run_address>
         <size>0x6</size>
         <input_file_ref idref="fl-1e"/>
      </object_component>
      <object_component id="oc-99">
         <name>.text:_system_pre_init</name>
         <load_address>0x3470</load_address>
         <run_address>0x3470</run_address>
         <size>0x4</size>
         <input_file_ref idref="fl-e7"/>
      </object_component>
      <object_component id="oc-e6">
         <name>.text:abort:abort</name>
         <load_address>0x3474</load_address>
         <run_address>0x3474</run_address>
         <size>0x4</size>
         <input_file_ref idref="fl-e9"/>
      </object_component>
      <object_component id="oc-225">
         <name>.const:.string:_ctypes_</name>
         <load_address>0x3478</load_address>
         <run_address>0x3478</run_address>
         <size>0x101</size>
         <input_file_ref idref="fl-ed"/>
      </object_component>
      <object_component id="oc-329">
         <name>.const:g_pui32GPIOBaseAddrs</name>
         <load_address>0x357c</load_address>
         <run_address>0x357c</run_address>
         <size>0x90</size>
         <input_file_ref idref="fl-1b"/>
      </object_component>
      <object_component id="oc-2ca">
         <name>.const:g_pui32Xtals</name>
         <load_address>0x360c</load_address>
         <run_address>0x360c</run_address>
         <size>0x6c</size>
         <input_file_ref idref="fl-1e"/>
      </object_component>
      <object_component id="oc-140">
         <name>.const:$P$T3$3</name>
         <load_address>0x3678</load_address>
         <run_address>0x3678</run_address>
         <size>0x24</size>
         <input_file_ref idref="fl-12"/>
      </object_component>
      <object_component id="oc-13f">
         <name>.const:$P$T2$2</name>
         <load_address>0x369c</load_address>
         <run_address>0x369c</run_address>
         <size>0x10</size>
         <input_file_ref idref="fl-12"/>
      </object_component>
      <object_component id="oc-13e">
         <name>.const:$P$T1$1</name>
         <load_address>0x36ac</load_address>
         <run_address>0x36ac</run_address>
         <size>0xc</size>
         <input_file_ref idref="fl-12"/>
      </object_component>
      <object_component id="oc-141">
         <name>.const:$P$T4$4</name>
         <load_address>0x36b8</load_address>
         <run_address>0x36b8</run_address>
         <size>0xc</size>
         <input_file_ref idref="fl-12"/>
      </object_component>
      <object_component id="oc-142">
         <name>.const:$P$T5$5</name>
         <load_address>0x36c4</load_address>
         <run_address>0x36c4</run_address>
         <size>0xc</size>
         <input_file_ref idref="fl-12"/>
      </object_component>
      <object_component id="oc-143">
         <name>.const:$P$T6$6</name>
         <load_address>0x36d0</load_address>
         <run_address>0x36d0</run_address>
         <size>0xc</size>
         <input_file_ref idref="fl-12"/>
      </object_component>
      <object_component id="oc-49e">
         <name>.cinit..data.load</name>
         <load_address>0x36e0</load_address>
         <run_address>0x36e0</run_address>
         <size>0x6d</size>
      </object_component>
      <object_component id="oc-49c">
         <name>__TI_handler_table</name>
         <load_address>0x3750</load_address>
         <run_address>0x3750</run_address>
         <size>0xc</size>
      </object_component>
      <object_component id="oc-49f">
         <name>.cinit..bss.load</name>
         <load_address>0x3760</load_address>
         <run_address>0x3760</run_address>
         <size>0x8</size>
      </object_component>
      <object_component id="oc-49d">
         <name>__TI_cinit_table</name>
         <load_address>0x3768</load_address>
         <run_address>0x3768</run_address>
         <size>0x10</size>
      </object_component>
      <object_component id="oc-236">
         <name>.data:_ftable</name>
         <load_address>0x20000800</load_address>
         <run_address>0x20000800</run_address>
         <size>0xf0</size>
         <input_file_ref idref="fl-dc"/>
      </object_component>
      <object_component id="oc-302">
         <name>.data</name>
         <load_address>0x200009b8</load_address>
         <run_address>0x200009b8</run_address>
         <size>0x10</size>
         <input_file_ref idref="fl-dc"/>
      </object_component>
      <object_component id="oc-37d">
         <name>.data:_device</name>
         <load_address>0x200008f0</load_address>
         <run_address>0x200008f0</run_address>
         <size>0x78</size>
         <input_file_ref idref="fl-e2"/>
      </object_component>
      <object_component id="oc-349">
         <name>.data:_stream</name>
         <load_address>0x20000968</load_address>
         <run_address>0x20000968</run_address>
         <size>0x50</size>
         <input_file_ref idref="fl-e2"/>
      </object_component>
      <object_component id="oc-159">
         <name>.data:$O1$$</name>
         <load_address>0x200009c8</load_address>
         <run_address>0x200009c8</run_address>
         <size>0xc</size>
         <input_file_ref idref="fl-e9"/>
      </object_component>
      <object_component id="oc-15c">
         <name>.data:$O1$$</name>
         <load_address>0x200009e0</load_address>
         <run_address>0x200009e0</run_address>
         <size>0x8</size>
         <input_file_ref idref="fl-eb"/>
      </object_component>
      <object_component id="oc-3a4">
         <name>.data:$O1$$</name>
         <load_address>0x200009d4</load_address>
         <run_address>0x200009d4</run_address>
         <size>0xc</size>
         <input_file_ref idref="fl-f9"/>
      </object_component>
      <object_component id="oc-422">
         <name>.bss:_CIOBUF_</name>
         <uninitialized>true</uninitialized>
         <run_address>0x200009e8</run_address>
         <size>0x120</size>
         <input_file_ref idref="fl-f8"/>
      </object_component>
      <object_component id="oc-3f1">
         <name>.common:__TI_tmpnams</name>
         <uninitialized>true</uninitialized>
         <run_address>0x20000b08</run_address>
         <size>0xa0</size>
      </object_component>
      <object_component id="oc-400">
         <name>.common:parmbuf</name>
         <uninitialized>true</uninitialized>
         <run_address>0x20000ba8</run_address>
         <size>0x8</size>
      </object_component>
      <object_component id="oc-24">
         <name>.sysmem</name>
         <uninitialized>true</uninitialized>
         <run_address>0x20000bb0</run_address>
         <size>0x8</size>
         <input_file_ref idref="fl-f9"/>
      </object_component>
      <object_component id="oc-4a1">
         <name>.sysmem</name>
         <uninitialized>true</uninitialized>
         <run_address>0x20000bb0</run_address>
         <size>0x0</size>
      </object_component>
      <object_component id="oc-21">
         <name>.stack</name>
         <uninitialized>true</uninitialized>
         <run_address>0x20000000</run_address>
         <size>0x4</size>
         <input_file_ref idref="fl-e3"/>
      </object_component>
      <object_component id="oc-4a0">
         <name>.stack</name>
         <uninitialized>true</uninitialized>
         <run_address>0x20000000</run_address>
         <size>0x0</size>
      </object_component>
      <object_component id="oc-2f">
         <name>.debug_info</name>
         <load_address>0x0</load_address>
         <run_address>0x0</run_address>
         <size>0x29c</size>
         <input_file_ref idref="fl-2"/>
      </object_component>
      <object_component id="oc-10">
         <name>.debug_info</name>
         <load_address>0x29c</load_address>
         <run_address>0x29c</run_address>
         <size>0xdb</size>
         <input_file_ref idref="fl-2"/>
      </object_component>
      <object_component id="oc-28">
         <name>.debug_info</name>
         <load_address>0x377</load_address>
         <run_address>0x377</run_address>
         <size>0x257</size>
         <input_file_ref idref="fl-2"/>
      </object_component>
      <object_component id="oc-74">
         <name>.debug_info</name>
         <load_address>0x5ce</load_address>
         <run_address>0x5ce</run_address>
         <size>0x26b</size>
         <input_file_ref idref="fl-2"/>
      </object_component>
      <object_component id="oc-36">
         <name>.debug_info</name>
         <load_address>0x839</load_address>
         <run_address>0x839</run_address>
         <size>0x84</size>
         <input_file_ref idref="fl-2"/>
      </object_component>
      <object_component id="oc-bd">
         <name>.debug_info</name>
         <load_address>0x8bd</load_address>
         <run_address>0x8bd</run_address>
         <size>0x297</size>
         <input_file_ref idref="fl-2"/>
      </object_component>
      <object_component id="oc-17e">
         <name>.debug_info</name>
         <load_address>0xb54</load_address>
         <run_address>0xb54</run_address>
         <size>0xef</size>
         <input_file_ref idref="fl-2"/>
      </object_component>
      <object_component id="oc-79">
         <name>.debug_info</name>
         <load_address>0xc43</load_address>
         <run_address>0xc43</run_address>
         <size>0xbb</size>
         <input_file_ref idref="fl-2"/>
      </object_component>
      <object_component id="oc-124">
         <name>.debug_info</name>
         <load_address>0xcfe</load_address>
         <run_address>0xcfe</run_address>
         <size>0x8b</size>
         <input_file_ref idref="fl-6"/>
      </object_component>
      <object_component id="oc-c9">
         <name>.debug_info</name>
         <load_address>0xd89</load_address>
         <run_address>0xd89</run_address>
         <size>0x2c</size>
         <input_file_ref idref="fl-6"/>
      </object_component>
      <object_component id="oc-1a8">
         <name>.debug_info</name>
         <load_address>0xdb5</load_address>
         <run_address>0xdb5</run_address>
         <size>0x726</size>
         <input_file_ref idref="fl-9"/>
      </object_component>
      <object_component id="oc-12d">
         <name>.debug_info</name>
         <load_address>0x14db</load_address>
         <run_address>0x14db</run_address>
         <size>0x863</size>
         <input_file_ref idref="fl-9"/>
      </object_component>
      <object_component id="oc-1aa">
         <name>.debug_info</name>
         <load_address>0x1d3e</load_address>
         <run_address>0x1d3e</run_address>
         <size>0xcf</size>
         <input_file_ref idref="fl-9"/>
      </object_component>
      <object_component id="oc-153">
         <name>.debug_info</name>
         <load_address>0x1e0d</load_address>
         <run_address>0x1e0d</run_address>
         <size>0x2c9</size>
         <input_file_ref idref="fl-9"/>
      </object_component>
      <object_component id="oc-147">
         <name>.debug_info</name>
         <load_address>0x20d6</load_address>
         <run_address>0x20d6</run_address>
         <size>0xbb</size>
         <input_file_ref idref="fl-9"/>
      </object_component>
      <object_component id="oc-14e">
         <name>.debug_info</name>
         <load_address>0x2191</load_address>
         <run_address>0x2191</run_address>
         <size>0x2a1</size>
         <input_file_ref idref="fl-9"/>
      </object_component>
      <object_component id="oc-2b4">
         <name>.debug_info</name>
         <load_address>0x2432</load_address>
         <run_address>0x2432</run_address>
         <size>0x2c</size>
         <input_file_ref idref="fl-9"/>
      </object_component>
      <object_component id="oc-1ff">
         <name>.debug_info</name>
         <load_address>0x245e</load_address>
         <run_address>0x245e</run_address>
         <size>0xbc</size>
         <input_file_ref idref="fl-9"/>
      </object_component>
      <object_component id="oc-23e">
         <name>.debug_info</name>
         <load_address>0x251a</load_address>
         <run_address>0x251a</run_address>
         <size>0x365</size>
         <input_file_ref idref="fl-c"/>
      </object_component>
      <object_component id="oc-196">
         <name>.debug_info</name>
         <load_address>0x287f</load_address>
         <run_address>0x287f</run_address>
         <size>0x41b</size>
         <input_file_ref idref="fl-c"/>
      </object_component>
      <object_component id="oc-241">
         <name>.debug_info</name>
         <load_address>0x2c9a</load_address>
         <run_address>0x2c9a</run_address>
         <size>0x364</size>
         <input_file_ref idref="fl-d"/>
      </object_component>
      <object_component id="oc-19c">
         <name>.debug_info</name>
         <load_address>0x2ffe</load_address>
         <run_address>0x2ffe</run_address>
         <size>0x606</size>
         <input_file_ref idref="fl-d"/>
      </object_component>
      <object_component id="oc-2b0">
         <name>.debug_info</name>
         <load_address>0x3604</load_address>
         <run_address>0x3604</run_address>
         <size>0x7b3</size>
         <input_file_ref idref="fl-e"/>
      </object_component>
      <object_component id="oc-1a2">
         <name>.debug_info</name>
         <load_address>0x3db7</load_address>
         <run_address>0x3db7</run_address>
         <size>0x7ab</size>
         <input_file_ref idref="fl-e"/>
      </object_component>
      <object_component id="oc-1ce">
         <name>.debug_info</name>
         <load_address>0x4562</load_address>
         <run_address>0x4562</run_address>
         <size>0x44b</size>
         <input_file_ref idref="fl-f"/>
      </object_component>
      <object_component id="oc-133">
         <name>.debug_info</name>
         <load_address>0x49ad</load_address>
         <run_address>0x49ad</run_address>
         <size>0x6cc</size>
         <input_file_ref idref="fl-f"/>
      </object_component>
      <object_component id="oc-1fb">
         <name>.debug_info</name>
         <load_address>0x5079</load_address>
         <run_address>0x5079</run_address>
         <size>0x4d3</size>
         <input_file_ref idref="fl-10"/>
      </object_component>
      <object_component id="oc-139">
         <name>.debug_info</name>
         <load_address>0x554c</load_address>
         <run_address>0x554c</run_address>
         <size>0x40d</size>
         <input_file_ref idref="fl-10"/>
      </object_component>
      <object_component id="oc-e4">
         <name>.debug_info</name>
         <load_address>0x5959</load_address>
         <run_address>0x5959</run_address>
         <size>0x5b1</size>
         <input_file_ref idref="fl-11"/>
      </object_component>
      <object_component id="oc-a0">
         <name>.debug_info</name>
         <load_address>0x5f0a</load_address>
         <run_address>0x5f0a</run_address>
         <size>0x20e</size>
         <input_file_ref idref="fl-11"/>
      </object_component>
      <object_component id="oc-df">
         <name>.debug_info</name>
         <load_address>0x6118</load_address>
         <run_address>0x6118</run_address>
         <size>0x279</size>
         <input_file_ref idref="fl-11"/>
      </object_component>
      <object_component id="oc-145">
         <name>.debug_info</name>
         <load_address>0x6391</load_address>
         <run_address>0x6391</run_address>
         <size>0x676</size>
         <input_file_ref idref="fl-12"/>
      </object_component>
      <object_component id="oc-d9">
         <name>.debug_info</name>
         <load_address>0x6a07</load_address>
         <run_address>0x6a07</run_address>
         <size>0x9b0</size>
         <input_file_ref idref="fl-12"/>
      </object_component>
      <object_component id="oc-2c0">
         <name>.debug_info</name>
         <load_address>0x73b7</load_address>
         <run_address>0x73b7</run_address>
         <size>0x366</size>
         <input_file_ref idref="fl-1b"/>
      </object_component>
      <object_component id="oc-32a">
         <name>.debug_info</name>
         <load_address>0x771d</load_address>
         <run_address>0x771d</run_address>
         <size>0xe6</size>
         <input_file_ref idref="fl-1b"/>
      </object_component>
      <object_component id="oc-1bd">
         <name>.debug_info</name>
         <load_address>0x7803</load_address>
         <run_address>0x7803</run_address>
         <size>0x1b4</size>
         <input_file_ref idref="fl-1b"/>
      </object_component>
      <object_component id="oc-2bb">
         <name>.debug_info</name>
         <load_address>0x79b7</load_address>
         <run_address>0x79b7</run_address>
         <size>0x1c4</size>
         <input_file_ref idref="fl-1b"/>
      </object_component>
      <object_component id="oc-1c9">
         <name>.debug_info</name>
         <load_address>0x7b7b</load_address>
         <run_address>0x7b7b</run_address>
         <size>0x227</size>
         <input_file_ref idref="fl-1b"/>
      </object_component>
      <object_component id="oc-286">
         <name>.debug_info</name>
         <load_address>0x7da2</load_address>
         <run_address>0x7da2</run_address>
         <size>0x1af</size>
         <input_file_ref idref="fl-1b"/>
      </object_component>
      <object_component id="oc-28c">
         <name>.debug_info</name>
         <load_address>0x7f51</load_address>
         <run_address>0x7f51</run_address>
         <size>0x1ad</size>
         <input_file_ref idref="fl-1b"/>
      </object_component>
      <object_component id="oc-268">
         <name>.debug_info</name>
         <load_address>0x80fe</load_address>
         <run_address>0x80fe</run_address>
         <size>0x1a3</size>
         <input_file_ref idref="fl-1b"/>
      </object_component>
      <object_component id="oc-298">
         <name>.debug_info</name>
         <load_address>0x82a1</load_address>
         <run_address>0x82a1</run_address>
         <size>0x1a5</size>
         <input_file_ref idref="fl-1b"/>
      </object_component>
      <object_component id="oc-280">
         <name>.debug_info</name>
         <load_address>0x8446</load_address>
         <run_address>0x8446</run_address>
         <size>0x1a5</size>
         <input_file_ref idref="fl-1b"/>
      </object_component>
      <object_component id="oc-26e">
         <name>.debug_info</name>
         <load_address>0x85eb</load_address>
         <run_address>0x85eb</run_address>
         <size>0x1a1</size>
         <input_file_ref idref="fl-1b"/>
      </object_component>
      <object_component id="oc-293">
         <name>.debug_info</name>
         <load_address>0x878c</load_address>
         <run_address>0x878c</run_address>
         <size>0x1a1</size>
         <input_file_ref idref="fl-1b"/>
      </object_component>
      <object_component id="oc-25d">
         <name>.debug_info</name>
         <load_address>0x892d</load_address>
         <run_address>0x892d</run_address>
         <size>0x1a1</size>
         <input_file_ref idref="fl-1b"/>
      </object_component>
      <object_component id="oc-27b">
         <name>.debug_info</name>
         <load_address>0x8ace</load_address>
         <run_address>0x8ace</run_address>
         <size>0x1a7</size>
         <input_file_ref idref="fl-1b"/>
      </object_component>
      <object_component id="oc-275">
         <name>.debug_info</name>
         <load_address>0x8c75</load_address>
         <run_address>0x8c75</run_address>
         <size>0x1a1</size>
         <input_file_ref idref="fl-1b"/>
      </object_component>
      <object_component id="oc-251">
         <name>.debug_info</name>
         <load_address>0x8e16</load_address>
         <run_address>0x8e16</run_address>
         <size>0x1cc</size>
         <input_file_ref idref="fl-1b"/>
      </object_component>
      <object_component id="oc-1b7">
         <name>.debug_info</name>
         <load_address>0x8fe2</load_address>
         <run_address>0x8fe2</run_address>
         <size>0x1c8</size>
         <input_file_ref idref="fl-1b"/>
      </object_component>
      <object_component id="oc-1b1">
         <name>.debug_info</name>
         <load_address>0x91aa</load_address>
         <run_address>0x91aa</run_address>
         <size>0x1ad</size>
         <input_file_ref idref="fl-1b"/>
      </object_component>
      <object_component id="oc-2a5">
         <name>.debug_info</name>
         <load_address>0x9357</load_address>
         <run_address>0x9357</run_address>
         <size>0x1bb</size>
         <input_file_ref idref="fl-1b"/>
      </object_component>
      <object_component id="oc-29f">
         <name>.debug_info</name>
         <load_address>0x9512</load_address>
         <run_address>0x9512</run_address>
         <size>0x1af</size>
         <input_file_ref idref="fl-1b"/>
      </object_component>
      <object_component id="oc-263">
         <name>.debug_info</name>
         <load_address>0x96c1</load_address>
         <run_address>0x96c1</run_address>
         <size>0x1a1</size>
         <input_file_ref idref="fl-1b"/>
      </object_component>
      <object_component id="oc-257">
         <name>.debug_info</name>
         <load_address>0x9862</load_address>
         <run_address>0x9862</run_address>
         <size>0x1a1</size>
         <input_file_ref idref="fl-1b"/>
      </object_component>
      <object_component id="oc-1c3">
         <name>.debug_info</name>
         <load_address>0x9a03</load_address>
         <run_address>0x9a03</run_address>
         <size>0x18c</size>
         <input_file_ref idref="fl-1b"/>
      </object_component>
      <object_component id="oc-2ab">
         <name>.debug_info</name>
         <load_address>0x9b8f</load_address>
         <run_address>0x9b8f</run_address>
         <size>0x191</size>
         <input_file_ref idref="fl-1b"/>
      </object_component>
      <object_component id="oc-2c8">
         <name>.debug_info</name>
         <load_address>0x9d20</load_address>
         <run_address>0x9d20</run_address>
         <size>0x318</size>
         <input_file_ref idref="fl-1d"/>
      </object_component>
      <object_component id="oc-1e9">
         <name>.debug_info</name>
         <load_address>0xa038</load_address>
         <run_address>0xa038</run_address>
         <size>0x207</size>
         <input_file_ref idref="fl-1d"/>
      </object_component>
      <object_component id="oc-1f5">
         <name>.debug_info</name>
         <load_address>0xa23f</load_address>
         <run_address>0xa23f</run_address>
         <size>0x1d5</size>
         <input_file_ref idref="fl-1d"/>
      </object_component>
      <object_component id="oc-1e3">
         <name>.debug_info</name>
         <load_address>0xa414</load_address>
         <run_address>0xa414</run_address>
         <size>0x1c7</size>
         <input_file_ref idref="fl-1d"/>
      </object_component>
      <object_component id="oc-1ef">
         <name>.debug_info</name>
         <load_address>0xa5db</load_address>
         <run_address>0xa5db</run_address>
         <size>0x187</size>
         <input_file_ref idref="fl-1d"/>
      </object_component>
      <object_component id="oc-1d1">
         <name>.debug_info</name>
         <load_address>0xa762</load_address>
         <run_address>0xa762</run_address>
         <size>0x1c4</size>
         <input_file_ref idref="fl-1d"/>
      </object_component>
      <object_component id="oc-12b">
         <name>.debug_info</name>
         <load_address>0xa926</load_address>
         <run_address>0xa926</run_address>
         <size>0x3c3</size>
         <input_file_ref idref="fl-1e"/>
      </object_component>
      <object_component id="oc-2cb">
         <name>.debug_info</name>
         <load_address>0xace9</load_address>
         <run_address>0xace9</run_address>
         <size>0xd8</size>
         <input_file_ref idref="fl-1e"/>
      </object_component>
      <object_component id="oc-24a">
         <name>.debug_info</name>
         <load_address>0xadc1</load_address>
         <run_address>0xadc1</run_address>
         <size>0x190</size>
         <input_file_ref idref="fl-1e"/>
      </object_component>
      <object_component id="oc-244">
         <name>.debug_info</name>
         <load_address>0xaf51</load_address>
         <run_address>0xaf51</run_address>
         <size>0x18e</size>
         <input_file_ref idref="fl-1e"/>
      </object_component>
      <object_component id="oc-1d7">
         <name>.debug_info</name>
         <load_address>0xb0df</load_address>
         <run_address>0xb0df</run_address>
         <size>0x174</size>
         <input_file_ref idref="fl-1e"/>
      </object_component>
      <object_component id="oc-d3">
         <name>.debug_info</name>
         <load_address>0xb253</load_address>
         <run_address>0xb253</run_address>
         <size>0x1ec</size>
         <input_file_ref idref="fl-1e"/>
      </object_component>
      <object_component id="oc-1dd">
         <name>.debug_info</name>
         <load_address>0xb43f</load_address>
         <run_address>0xb43f</run_address>
         <size>0x1c6</size>
         <input_file_ref idref="fl-1e"/>
      </object_component>
      <object_component id="oc-17a">
         <name>.debug_info</name>
         <load_address>0xb605</load_address>
         <run_address>0xb605</run_address>
         <size>0x51</size>
         <input_file_ref idref="fl-1e"/>
      </object_component>
      <object_component id="oc-92">
         <name>.debug_info</name>
         <load_address>0xb656</load_address>
         <run_address>0xb656</run_address>
         <size>0x313</size>
         <input_file_ref idref="fl-d8"/>
      </object_component>
      <object_component id="oc-48">
         <name>.debug_info</name>
         <load_address>0xb969</load_address>
         <run_address>0xb969</run_address>
         <size>0x1b4</size>
         <input_file_ref idref="fl-d8"/>
      </object_component>
      <object_component id="oc-8d">
         <name>.debug_info</name>
         <load_address>0xbb1d</load_address>
         <run_address>0xbb1d</run_address>
         <size>0x46</size>
         <input_file_ref idref="fl-d8"/>
      </object_component>
      <object_component id="oc-46">
         <name>.debug_info</name>
         <load_address>0xbb63</load_address>
         <run_address>0xbb63</run_address>
         <size>0x29d</size>
         <input_file_ref idref="fl-d9"/>
      </object_component>
      <object_component id="oc-19">
         <name>.debug_info</name>
         <load_address>0xbe00</load_address>
         <run_address>0xbe00</run_address>
         <size>0x1df</size>
         <input_file_ref idref="fl-d9"/>
      </object_component>
      <object_component id="oc-41">
         <name>.debug_info</name>
         <load_address>0xbfdf</load_address>
         <run_address>0xbfdf</run_address>
         <size>0x46</size>
         <input_file_ref idref="fl-d9"/>
      </object_component>
      <object_component id="oc-85">
         <name>.debug_info</name>
         <load_address>0xc025</load_address>
         <run_address>0xc025</run_address>
         <size>0x2c</size>
         <input_file_ref idref="fl-d9"/>
      </object_component>
      <object_component id="oc-83">
         <name>.debug_info</name>
         <load_address>0xc051</load_address>
         <run_address>0xc051</run_address>
         <size>0x293</size>
         <input_file_ref idref="fl-da"/>
      </object_component>
      <object_component id="oc-13">
         <name>.debug_info</name>
         <load_address>0xc2e4</load_address>
         <run_address>0xc2e4</run_address>
         <size>0x245</size>
         <input_file_ref idref="fl-da"/>
      </object_component>
      <object_component id="oc-31">
         <name>.debug_info</name>
         <load_address>0xc529</load_address>
         <run_address>0xc529</run_address>
         <size>0x60</size>
         <input_file_ref idref="fl-da"/>
      </object_component>
      <object_component id="oc-c2">
         <name>.debug_info</name>
         <load_address>0xc589</load_address>
         <run_address>0xc589</run_address>
         <size>0x46</size>
         <input_file_ref idref="fl-da"/>
      </object_component>
      <object_component id="oc-7e">
         <name>.debug_info</name>
         <load_address>0xc5cf</load_address>
         <run_address>0xc5cf</run_address>
         <size>0x39</size>
         <input_file_ref idref="fl-da"/>
      </object_component>
      <object_component id="oc-23a">
         <name>.debug_info</name>
         <load_address>0xc608</load_address>
         <run_address>0xc608</run_address>
         <size>0x317</size>
         <input_file_ref idref="fl-db"/>
      </object_component>
      <object_component id="oc-18a">
         <name>.debug_info</name>
         <load_address>0xc91f</load_address>
         <run_address>0xc91f</run_address>
         <size>0x16c</size>
         <input_file_ref idref="fl-db"/>
      </object_component>
      <object_component id="oc-30d">
         <name>.debug_info</name>
         <load_address>0xca8b</load_address>
         <run_address>0xca8b</run_address>
         <size>0xb2</size>
         <input_file_ref idref="fl-db"/>
      </object_component>
      <object_component id="oc-309">
         <name>.debug_info</name>
         <load_address>0xcb3d</load_address>
         <run_address>0xcb3d</run_address>
         <size>0x139</size>
         <input_file_ref idref="fl-dc"/>
      </object_component>
      <object_component id="oc-237">
         <name>.debug_info</name>
         <load_address>0xcc76</load_address>
         <run_address>0xcc76</run_address>
         <size>0xf7</size>
         <input_file_ref idref="fl-dc"/>
      </object_component>
      <object_component id="oc-303">
         <name>.debug_info</name>
         <load_address>0xcd6d</load_address>
         <run_address>0xcd6d</run_address>
         <size>0x184</size>
         <input_file_ref idref="fl-dc"/>
      </object_component>
      <object_component id="oc-306">
         <name>.debug_info</name>
         <load_address>0xcef1</load_address>
         <run_address>0xcef1</run_address>
         <size>0x33c</size>
         <input_file_ref idref="fl-dd"/>
      </object_component>
      <object_component id="oc-2f5">
         <name>.debug_info</name>
         <load_address>0xd22d</load_address>
         <run_address>0xd22d</run_address>
         <size>0x17f</size>
         <input_file_ref idref="fl-dd"/>
      </object_component>
      <object_component id="oc-231">
         <name>.debug_info</name>
         <load_address>0xd3ac</load_address>
         <run_address>0xd3ac</run_address>
         <size>0x1bd</size>
         <input_file_ref idref="fl-dd"/>
      </object_component>
      <object_component id="oc-301">
         <name>.debug_info</name>
         <load_address>0xd569</load_address>
         <run_address>0xd569</run_address>
         <size>0x3f1</size>
         <input_file_ref idref="fl-de"/>
      </object_component>
      <object_component id="oc-22b">
         <name>.debug_info</name>
         <load_address>0xd95a</load_address>
         <run_address>0xd95a</run_address>
         <size>0x2d7</size>
         <input_file_ref idref="fl-de"/>
      </object_component>
      <object_component id="oc-229">
         <name>.debug_info</name>
         <load_address>0xdc31</load_address>
         <run_address>0xdc31</run_address>
         <size>0x2ab</size>
         <input_file_ref idref="fl-df"/>
      </object_component>
      <object_component id="oc-184">
         <name>.debug_info</name>
         <load_address>0xdedc</load_address>
         <run_address>0xdedc</run_address>
         <size>0x149</size>
         <input_file_ref idref="fl-df"/>
      </object_component>
      <object_component id="oc-347">
         <name>.debug_info</name>
         <load_address>0xe025</load_address>
         <run_address>0xe025</run_address>
         <size>0x29a</size>
         <input_file_ref idref="fl-e0"/>
      </object_component>
      <object_component id="oc-2ef">
         <name>.debug_info</name>
         <load_address>0xe2bf</load_address>
         <run_address>0xe2bf</run_address>
         <size>0x242</size>
         <input_file_ref idref="fl-e0"/>
      </object_component>
      <object_component id="oc-23c">
         <name>.debug_info</name>
         <load_address>0xe501</load_address>
         <run_address>0xe501</run_address>
         <size>0x284</size>
         <input_file_ref idref="fl-e1"/>
      </object_component>
      <object_component id="oc-190">
         <name>.debug_info</name>
         <load_address>0xe785</load_address>
         <run_address>0xe785</run_address>
         <size>0x22a</size>
         <input_file_ref idref="fl-e1"/>
      </object_component>
      <object_component id="oc-34d">
         <name>.debug_info</name>
         <load_address>0xe9af</load_address>
         <run_address>0xe9af</run_address>
         <size>0x4c5</size>
         <input_file_ref idref="fl-e2"/>
      </object_component>
      <object_component id="oc-37e">
         <name>.debug_info</name>
         <load_address>0xee74</load_address>
         <run_address>0xee74</run_address>
         <size>0xf8</size>
         <input_file_ref idref="fl-e2"/>
      </object_component>
      <object_component id="oc-34a">
         <name>.debug_info</name>
         <load_address>0xef6c</load_address>
         <run_address>0xef6c</run_address>
         <size>0xf8</size>
         <input_file_ref idref="fl-e2"/>
      </object_component>
      <object_component id="oc-2fb">
         <name>.debug_info</name>
         <load_address>0xf064</load_address>
         <run_address>0xf064</run_address>
         <size>0x184</size>
         <input_file_ref idref="fl-e2"/>
      </object_component>
      <object_component id="oc-384">
         <name>.debug_info</name>
         <load_address>0xf1e8</load_address>
         <run_address>0xf1e8</run_address>
         <size>0x120</size>
         <input_file_ref idref="fl-e2"/>
      </object_component>
      <object_component id="oc-389">
         <name>.debug_info</name>
         <load_address>0xf308</load_address>
         <run_address>0xf308</run_address>
         <size>0x2c</size>
         <input_file_ref idref="fl-e2"/>
      </object_component>
      <object_component id="oc-22">
         <name>.debug_info</name>
         <load_address>0xf334</load_address>
         <run_address>0xf334</run_address>
         <size>0x100</size>
         <input_file_ref idref="fl-e3"/>
      </object_component>
      <object_component id="oc-5a">
         <name>.debug_info</name>
         <load_address>0xf434</load_address>
         <run_address>0xf434</run_address>
         <size>0x1a4</size>
         <input_file_ref idref="fl-e3"/>
      </object_component>
      <object_component id="oc-3c">
         <name>.debug_info</name>
         <load_address>0xf5d8</load_address>
         <run_address>0xf5d8</run_address>
         <size>0x111</size>
         <input_file_ref idref="fl-e5"/>
      </object_component>
      <object_component id="oc-163">
         <name>.debug_info</name>
         <load_address>0xf6e9</load_address>
         <run_address>0xf6e9</run_address>
         <size>0x547</size>
         <input_file_ref idref="fl-e6"/>
      </object_component>
      <object_component id="oc-f3">
         <name>.debug_info</name>
         <load_address>0xfc30</load_address>
         <run_address>0xfc30</run_address>
         <size>0x19b</size>
         <input_file_ref idref="fl-e6"/>
      </object_component>
      <object_component id="oc-214">
         <name>.debug_info</name>
         <load_address>0xfdcb</load_address>
         <run_address>0xfdcb</run_address>
         <size>0x39</size>
         <input_file_ref idref="fl-e6"/>
      </object_component>
      <object_component id="oc-2d7">
         <name>.debug_info</name>
         <load_address>0xfe04</load_address>
         <run_address>0xfe04</run_address>
         <size>0x39</size>
         <input_file_ref idref="fl-e6"/>
      </object_component>
      <object_component id="oc-219">
         <name>.debug_info</name>
         <load_address>0xfe3d</load_address>
         <run_address>0xfe3d</run_address>
         <size>0x39</size>
         <input_file_ref idref="fl-e6"/>
      </object_component>
      <object_component id="oc-21e">
         <name>.debug_info</name>
         <load_address>0xfe76</load_address>
         <run_address>0xfe76</run_address>
         <size>0xcd</size>
         <input_file_ref idref="fl-e6"/>
      </object_component>
      <object_component id="oc-9a">
         <name>.debug_info</name>
         <load_address>0xff43</load_address>
         <run_address>0xff43</run_address>
         <size>0x148</size>
         <input_file_ref idref="fl-e7"/>
      </object_component>
      <object_component id="oc-160">
         <name>.debug_info</name>
         <load_address>0x1008b</load_address>
         <run_address>0x1008b</run_address>
         <size>0x3a2</size>
         <input_file_ref idref="fl-e9"/>
      </object_component>
      <object_component id="oc-15a">
         <name>.debug_info</name>
         <load_address>0x1042d</load_address>
         <run_address>0x1042d</run_address>
         <size>0x185</size>
         <input_file_ref idref="fl-e9"/>
      </object_component>
      <object_component id="oc-e7">
         <name>.debug_info</name>
         <load_address>0x105b2</load_address>
         <run_address>0x105b2</run_address>
         <size>0x117</size>
         <input_file_ref idref="fl-e9"/>
      </object_component>
      <object_component id="oc-ed">
         <name>.debug_info</name>
         <load_address>0x106c9</load_address>
         <run_address>0x106c9</run_address>
         <size>0x179</size>
         <input_file_ref idref="fl-e9"/>
      </object_component>
      <object_component id="oc-345">
         <name>.debug_info</name>
         <load_address>0x10842</load_address>
         <run_address>0x10842</run_address>
         <size>0x2f5</size>
         <input_file_ref idref="fl-ea"/>
      </object_component>
      <object_component id="oc-2e9">
         <name>.debug_info</name>
         <load_address>0x10b37</load_address>
         <run_address>0x10b37</run_address>
         <size>0x191</size>
         <input_file_ref idref="fl-ea"/>
      </object_component>
      <object_component id="oc-374">
         <name>.debug_info</name>
         <load_address>0x10cc8</load_address>
         <run_address>0x10cc8</run_address>
         <size>0xbf</size>
         <input_file_ref idref="fl-ea"/>
      </object_component>
      <object_component id="oc-20e">
         <name>.debug_info</name>
         <load_address>0x10d87</load_address>
         <run_address>0x10d87</run_address>
         <size>0x2be</size>
         <input_file_ref idref="fl-eb"/>
      </object_component>
      <object_component id="oc-15d">
         <name>.debug_info</name>
         <load_address>0x11045</load_address>
         <run_address>0x11045</run_address>
         <size>0x113</size>
         <input_file_ref idref="fl-eb"/>
      </object_component>
      <object_component id="oc-207">
         <name>.debug_info</name>
         <load_address>0x11158</load_address>
         <run_address>0x11158</run_address>
         <size>0x123</size>
         <input_file_ref idref="fl-eb"/>
      </object_component>
      <object_component id="oc-2e5">
         <name>.debug_info</name>
         <load_address>0x1127b</load_address>
         <run_address>0x1127b</run_address>
         <size>0xee</size>
         <input_file_ref idref="fl-ed"/>
      </object_component>
      <object_component id="oc-226">
         <name>.debug_info</name>
         <load_address>0x11369</load_address>
         <run_address>0x11369</run_address>
         <size>0xfa</size>
         <input_file_ref idref="fl-ed"/>
      </object_component>
      <object_component id="oc-35f">
         <name>.debug_info</name>
         <load_address>0x11463</load_address>
         <run_address>0x11463</run_address>
         <size>0x319</size>
         <input_file_ref idref="fl-ee"/>
      </object_component>
      <object_component id="oc-339">
         <name>.debug_info</name>
         <load_address>0x1177c</load_address>
         <run_address>0x1177c</run_address>
         <size>0x1e1</size>
         <input_file_ref idref="fl-ee"/>
      </object_component>
[...]
         <value>0x1579</value>
         <object_component_ref idref="oc-195"/>
      </symbol>
      <symbol id="sm-df">
         <name>_ZN9tivaextra16gpioMaskFromNameERKj</name>
         <value>0x168f</value>
         <object_component_ref idref="oc-195"/>
      </symbol>
      <symbol id="sm-171">
         <name>_ZN9tivaextra14pwmGenFromNameERKcRKj</name>
         <value>0xf91</value>
         <object_component_ref idref="oc-19b"/>
      </symbol>
      <symbol id="sm-172">
         <name>_ZN9tivaextra19pwmPeriAddrFromNameERKcRKj</name>
         <value>0xdad</value>
         <object_component_ref idref="oc-19b"/>
      </symbol>
      <symbol id="sm-173">
         <name>_ZN9tivaextra17pwmOutputFromNameERKcRKj</name>
         <value>0x10f7</value>
         <object_component_ref idref="oc-19b"/>
      </symbol>
      <symbol id="sm-174">
         <name>_ZN9tivaextra19pwmBaseAddrFromNameERKcRKj</name>
         <value>0xe97</value>
         <object_component_ref idref="oc-19b"/>
      </symbol>
      <symbol id="sm-19e">
         <name>_ZN9tivaextra22configurePeripheralPinERKjS1_S1_RKNS_14PeripheralTypeE</name>
         <value>0x1f67</value>
         <object_component_ref idref="oc-1a1"/>
      </symbol>
      <symbol id="sm-19f">
         <name>_ZN9tivaextra21enableClockPeripheralERKjS1_</name>
         <value>0x1de5</value>
         <object_component_ref idref="oc-1a1"/>
      </symbol>
      <symbol id="sm-1e7">
         <name>_ZN9tivaextra13pinModeSwitchEPKjRKb</name>
         <value>0x42d</value>
         <object_component_ref idref="oc-132"/>
      </symbol>
      <symbol id="sm-1e8">
         <name>_ZN9tivaextra12pinDescCheckEPj</name>
         <value>0x26d</value>
         <object_component_ref idref="oc-132"/>
      </symbol>
      <symbol id="sm-1e9">
         <name>_ZN9tivaextra8pinWriteEPKjRKb</name>
         <value>0x455</value>
         <object_component_ref idref="oc-132"/>
      </symbol>
      <symbol id="sm-1ea">
         <name>_ZN9tivaextra7pinReadEPKj</name>
         <value>0x789</value>
         <object_component_ref idref="oc-132"/>
      </symbol>
      <symbol id="sm-1eb">
         <name>_ZN9tivaextra12pinPadConfigEPKjRS0_S2_</name>
         <value>0xaab</value>
         <object_component_ref idref="oc-132"/>
      </symbol>
      <symbol id="sm-20b">
         <name>_ZN9tivaextra9pwmEnableEPKj</name>
         <value>0x209b</value>
         <object_component_ref idref="oc-138"/>
      </symbol>
      <symbol id="sm-20c">
         <name>_ZN9tivaextra12pwmConfigureEPKjRS0_RKfS4_</name>
         <value>0x1fa1</value>
         <object_component_ref idref="oc-138"/>
      </symbol>
      <symbol id="sm-22b">
         <name>main</name>
         <value>0x2a19</value>
         <object_component_ref idref="oc-9f"/>
      </symbol>
      <symbol id="sm-25b">
         <name>_ZN5a498811A4988ConfigC1ENS_12MicroStepResE</name>
         <value>0x1bb1</value>
         <object_component_ref idref="oc-d8"/>
      </symbol>
      <symbol id="sm-25c">
         <name>_ZN5a498811A4988ConfigC2ENS_12MicroStepResE</name>
         <value>0x1bb1</value>
         <object_component_ref idref="oc-d8"/>
      </symbol>
      <symbol id="sm-25d">
         <name>_ZN5a498818StepperDriverA4988C2EPKcS2_PKPcS2_S2_S2_RKNS_11A4988ConfigE</name>
         <value>0x1bc5</value>
         <object_component_ref idref="oc-d8"/>
      </symbol>
      <symbol id="sm-25e">
         <name>_ZN5a498818StepperDriverA49886enableEv</name>
         <value>0x1d99</value>
         <object_component_ref idref="oc-d8"/>
      </symbol>
      <symbol id="sm-25f">
         <name>_ZN5a498818StepperDriverA4988C1EPKcS2_PKPcS2_S2_S2_RKNS_11A4988ConfigE</name>
         <value>0x1bc5</value>
         <object_component_ref idref="oc-d8"/>
      </symbol>
      <symbol id="sm-322">
         <name>GPIOPinTypePWM</name>
         <value>0x32f3</value>
         <object_component_ref idref="oc-25b"/>
      </symbol>
      <symbol id="sm-323">
         <name>GPIOPinConfigure</name>
         <value>0x2cb5</value>
         <object_component_ref idref="oc-2a9"/>
      </symbol>
      <symbol id="sm-324">
         <name>GPIOPinTypeGPIOOutputOD</name>
         <value>0x3229</value>
         <object_component_ref idref="oc-24f"/>
      </symbol>
      <symbol id="sm-325">
         <name>GPIOPinTypeI2CSCL</name>
         <value>0x32dd</value>
         <object_component_ref idref="oc-279"/>
      </symbol>
      <symbol id="sm-326">
         <name>GPIOPinTypeUSBAnalog</name>
         <value>0x3377</value>
         <object_component_ref idref="oc-28b"/>
      </symbol>
      <symbol id="sm-327">
         <name>GPIOPinTypeTrace</name>
         <value>0x334b</value>
         <object_component_ref idref="oc-297"/>
      </symbol>
      <symbol id="sm-328">
         <name>GPIOPinTypeI2C</name>
         <value>0x32c7</value>
         <object_component_ref idref="oc-273"/>
      </symbol>
      <symbol id="sm-329">
         <name>GPIOPinTypeUSBDigital</name>
         <value>0x338d</value>
         <object_component_ref idref="oc-285"/>
      </symbol>
      <symbol id="sm-32a">
         <name>GPIOPinTypeADC</name>
         <value>0x3259</value>
         <object_component_ref idref="oc-255"/>
      </symbol>
      <symbol id="sm-32b">
         <name>GPIOPinTypeGPIOInput</name>
         <value>0x32b1</value>
         <object_component_ref idref="oc-1af"/>
      </symbol>
      <symbol id="sm-32c">
         <name>GPIOPinTypeComparator</name>
         <value>0x3285</value>
         <object_component_ref idref="oc-29d"/>
      </symbol>
      <symbol id="sm-32d">
         <name>GPIOPinTypeComparatorOutput</name>
         <value>0x329b</value>
         <object_component_ref idref="oc-2a3"/>
      </symbol>
      <symbol id="sm-32e">
         <name>GPIOPinTypeUART</name>
         <value>0x3361</value>
         <object_component_ref idref="oc-267"/>
      </symbol>
      <symbol id="sm-32f">
         <name>GPIOPinTypeGPIOOutput</name>
         <value>0x3211</value>
         <object_component_ref idref="oc-1b5"/>
      </symbol>
      <symbol id="sm-330">
         <name>GPIOPinRead</name>
         <value>0x345f</value>
         <object_component_ref idref="oc-1c1"/>
      </symbol>
      <symbol id="sm-331">
         <name>GPIODirModeSet</name>
         <value>0x30c5</value>
         <object_component_ref idref="oc-2b9"/>
      </symbol>
      <symbol id="sm-332">
         <name>GPIOPinTypeQEI</name>
         <value>0x3309</value>
         <object_component_ref idref="oc-291"/>
      </symbol>
      <symbol id="sm-333">
         <name>GPIOPinWrite</name>
         <value>0x3465</value>
         <object_component_ref idref="oc-1bb"/>
      </symbol>
      <symbol id="sm-334">
         <name>GPIOPadConfigSet</name>
         <value>0x20d5</value>
         <object_component_ref idref="oc-1c7"/>
      </symbol>
      <symbol id="sm-335">
         <name>GPIOPinTypeSSI</name>
         <value>0x331f</value>
         <object_component_ref idref="oc-26d"/>
      </symbol>
      <symbol id="sm-336">
         <name>GPIOPinTypeTimer</name>
         <value>0x3335</value>
         <object_component_ref idref="oc-27f"/>
      </symbol>
      <symbol id="sm-337">
         <name>GPIOPinTypeCAN</name>
         <value>0x326f</value>
         <object_component_ref idref="oc-261"/>
      </symbol>
      <symbol id="sm-365">
         <name>PWMGenPeriodSet</name>
         <value>0x3419</value>
         <object_component_ref idref="oc-1e2"/>
      </symbol>
      <symbol id="sm-366">
         <name>PWMPulseWidthSet</name>
         <value>0x31d7</value>
         <object_component_ref idref="oc-1e8"/>
      </symbol>
      <symbol id="sm-367">
         <name>PWMOutputState</name>
         <value>0x33f5</value>
         <object_component_ref idref="oc-1f4"/>
      </symbol>
      <symbol id="sm-368">
         <name>PWMGenEnable</name>
         <value>0x3447</value>
         <object_component_ref idref="oc-1ee"/>
      </symbol>
      <symbol id="sm-369">
         <name>PWMGenConfigure</name>
         <value>0x3195</value>
         <object_component_ref idref="oc-1d0"/>
      </symbol>
      <symbol id="sm-3d1">
         <name>SysCtlClockSet</name>
         <value>0x2435</value>
         <object_component_ref idref="oc-d2"/>
      </symbol>
      <symbol id="sm-3d2">
         <name>SysCtlDelay</name>
         <value>0x346b</value>
         <object_component_ref idref="oc-129"/>
      </symbol>
      <symbol id="sm-3d3">
         <name>SysCtlPeripheralEnable</name>
         <value>0x2ff9</value>
         <object_component_ref idref="oc-243"/>
      </symbol>
      <symbol id="sm-3d4">
         <name>SysCtlClockGet</name>
         <value>0x2209</value>
         <object_component_ref idref="oc-1dc"/>
      </symbol>
      <symbol id="sm-3d5">
         <name>SysCtlPWMClockSet</name>
         <value>0x33b9</value>
         <object_component_ref idref="oc-1d6"/>
      </symbol>
      <symbol id="sm-3d6">
         <name>SysCtlPeripheralReady</name>
         <value>0x2ee1</value>
         <object_component_ref idref="oc-249"/>
      </symbol>
      <symbol id="sm-3ee">
         <name>__TI_zero_init_nomemset</name>
         <value>0x3407</value>
         <object_component_ref idref="oc-47"/>
      </symbol>
      <symbol id="sm-405">
         <name>__TI_decompress_none</name>
         <value>0x3439</value>
         <object_component_ref idref="oc-18"/>
      </symbol>
      <symbol id="sm-428">
         <name>__TI_decompress_lzss</name>
         <value>0x29b1</value>
         <object_component_ref idref="oc-12"/>
      </symbol>
      <symbol id="sm-43c">
         <name>_abort_msg</name>
         <value>0x31f5</value>
         <object_component_ref idref="oc-189"/>
      </symbol>
      <symbol id="sm-451">
         <name>__TI_tmpnams</name>
         <value>0x20000b08</value>
      </symbol>
      <symbol id="sm-452">
         <name>__aeabi_stdout</name>
         <value>0x200009c0</value>
         <object_component_ref idref="oc-302"/>
      </symbol>
      <symbol id="sm-453">
         <name>__aeabi_stderr</name>
         <value>0x200009c4</value>
         <object_component_ref idref="oc-302"/>
      </symbol>
      <symbol id="sm-454">
         <name>__aeabi_stdin</name>
         <value>0x200009bc</value>
         <object_component_ref idref="oc-302"/>
      </symbol>
      <symbol id="sm-455">
         <name>_ftable</name>
         <value>0x20000800</value>
         <object_component_ref idref="oc-236"/>
      </symbol>
      <symbol id="sm-456">
         <name>__TI_ft_end</name>
         <value>0x200009b8</value>
         <object_component_ref idref="oc-302"/>
      </symbol>
      <symbol id="sm-477">
         <name>__TI_doflush</name>
         <value>0x2d01</value>
         <object_component_ref idref="oc-2f4"/>
      </symbol>
      <symbol id="sm-478">
         <name>fflush</name>
         <value>0x2779</value>
         <object_component_ref idref="oc-230"/>
      </symbol>
      <symbol id="sm-496">
         <name>fputs</name>
         <value>0x2321</value>
         <object_component_ref idref="oc-22a"/>
      </symbol>
      <symbol id="sm-4a5">
         <name>isdigit</name>
         <value>0x3429</value>
         <object_component_ref idref="oc-183"/>
      </symbol>
      <symbol id="sm-4b5">
         <name>memchr</name>
         <value>0x31b7</value>
         <object_component_ref idref="oc-2ee"/>
      </symbol>
      <symbol id="sm-4c3">
         <name>strlen</name>
         <value>0x33e1</value>
         <object_component_ref idref="oc-18f"/>
      </symbol>
      <symbol id="sm-4e9">
         <name>_stream</name>
         <value>0x20000968</value>
         <object_component_ref idref="oc-349"/>
      </symbol>
      <symbol id="sm-4ea">
         <name>_device</name>
         <value>0x200008f0</value>
         <object_component_ref idref="oc-37d"/>
      </symbol>
      <symbol id="sm-4eb">
         <name>write</name>
         <value>0x316d</value>
         <object_component_ref idref="oc-2fa"/>
      </symbol>
      <symbol id="sm-4fe">
         <name>__stack</name>
         <value>0x20000000</value>
         <object_component_ref idref="oc-21"/>
      </symbol>
      <symbol id="sm-4ff">
         <name>_c_int00_noargs</name>
         <value>0x2f51</value>
         <object_component_ref idref="oc-59"/>
      </symbol>
      <symbol id="sm-51b">
         <name>memcpy</name>
         <value>0x26dd</value>
         <object_component_ref idref="oc-3b"/>
      </symbol>
      <symbol id="sm-51c">
         <name>__aeabi_memcpy</name>
         <value>0x26dd</value>
         <object_component_ref idref="oc-3b"/>
      </symbol>
      <symbol id="sm-51d">
         <name>__aeabi_memcpy8</name>
         <value>0x26dd</value>
         <object_component_ref idref="oc-3b"/>
      </symbol>
      <symbol id="sm-51e">
         <name>__aeabi_memcpy4</name>
         <value>0x26dd</value>
         <object_component_ref idref="oc-3b"/>
      </symbol>
      <symbol id="sm-546">
         <name>__TI_auto_init_nobinit_nopinit</name>
         <value>0x2e1d</value>
         <object_component_ref idref="oc-f2"/>
      </symbol>
      <symbol id="sm-550">
         <name>_system_pre_init</name>
         <value>0x3471</value>
         <object_component_ref idref="oc-99"/>
      </symbol>
      <symbol id="sm-577">
         <name>C$$EXIT</name>
         <value>0x3475</value>
         <object_component_ref idref="oc-e6"/>
      </symbol>
      <symbol id="sm-578">
         <name>abort</name>
         <value>0x3475</value>
         <object_component_ref idref="oc-e6"/>
      </symbol>
      <symbol id="sm-579">
         <name>__TI_dtors_ptr</name>
         <value>0x200009cc</value>
         <object_component_ref idref="oc-159"/>
      </symbol>
      <symbol id="sm-57a">
         <name>__TI_cleanup_ptr</name>
         <value>0x200009c8</value>
         <object_component_ref idref="oc-159"/>
      </symbol>
      <symbol id="sm-57b">
         <name>__TI_enable_exit_profile_output</name>
         <value>0x200009d0</value>
         <object_component_ref idref="oc-159"/>
      </symbol>
      <symbol id="sm-57c">
         <name>exit</name>
         <value>0x2d4d</value>
         <object_component_ref idref="oc-ec"/>
      </symbol>
      <symbol id="sm-594">
         <name>__TI_wrt_ok</name>
         <value>0x2ae5</value>
         <object_component_ref idref="oc-2e8"/>
      </symbol>
      <symbol id="sm-5a9">
         <name>_nop</name>
         <value>0x1577</value>
         <object_component_ref idref="oc-206"/>
      </symbol>
      <symbol id="sm-5aa">
         <name>_lock</name>
         <value>0x200009e0</value>
         <object_component_ref idref="oc-15c"/>
      </symbol>
      <symbol id="sm-5ab">
         <name>_unlock</name>
         <value>0x200009e4</value>
         <object_component_ref idref="oc-15c"/>
      </symbol>
      <symbol id="sm-5b7">
         <name>_ctypes_</name>
         <value>0x3478</value>
         <object_component_ref idref="oc-225"/>
      </symbol>
      <symbol id="sm-5c9">
         <name>fseek</name>
         <value>0x2a81</value>
         <object_component_ref idref="oc-338"/>
      </symbol>
      <symbol id="sm-5d9">
         <name>lseek</name>
         <value>0x311d</value>
         <object_component_ref idref="oc-358"/>
      </symbol>
      <symbol id="sm-5f5">
         <name>setvbuf</name>
         <value>0x2529</value>
         <object_component_ref idref="oc-33e"/>
      </symbol>
      <symbol id="sm-606">
         <name>HOSTclose</name>
         <value>0x2d95</value>
         <object_component_ref idref="oc-3b8"/>
      </symbol>
      <symbol id="sm-617">
         <name>HOSTlseek</name>
         <value>0x28e1</value>
         <object_component_ref idref="oc-3ca"/>
      </symbol>
      <symbol id="sm-629">
         <name>parmbuf</name>
         <value>0x20000ba8</value>
      </symbol>
      <symbol id="sm-62a">
         <name>HOSTopen</name>
         <value>0x2b49</value>
         <object_component_ref idref="oc-3b2"/>
      </symbol>
      <symbol id="sm-63b">
         <name>HOSTread</name>
         <value>0x2c05</value>
         <object_component_ref idref="oc-3be"/>
      </symbol>
      <symbol id="sm-64c">
         <name>HOSTrename</name>
         <value>0x2949</value>
         <object_component_ref idref="oc-3d6"/>
      </symbol>
      <symbol id="sm-65d">
         <name>HOSTunlink</name>
         <value>0x2dd9</value>
         <object_component_ref idref="oc-3d0"/>
      </symbol>
      <symbol id="sm-66e">
         <name>HOSTwrite</name>
         <value>0x2c5d</value>
         <object_component_ref idref="oc-3c4"/>
      </symbol>
      <symbol id="sm-692">
         <name>__TI_readmsg</name>
         <value>0x3061</value>
         <object_component_ref idref="oc-3fa"/>
      </symbol>
      <symbol id="sm-693">
         <name>C$$IO$$</name>
         <value>0x2f47</value>
         <object_component_ref idref="oc-3f4"/>
      </symbol>
      <symbol id="sm-694">
         <name>__CIOBUF_</name>
         <value>0x200009e8</value>
         <object_component_ref idref="oc-422"/>
      </symbol>
      <symbol id="sm-695">
         <name>__TI_writemsg</name>
         <value>0x2f19</value>
         <object_component_ref idref="oc-3f4"/>
      </symbol>
      <symbol id="sm-710">
         <name>_sys_memory</name>
         <value>0x20000bb0</value>
         <object_component_ref idref="oc-24"/>
      </symbol>
      <symbol id="sm-711">
         <name>free</name>
         <value>0x2605</value>
         <object_component_ref idref="oc-360"/>
      </symbol>
      <symbol id="sm-712">
         <name>malloc</name>
         <value>0x27f5</value>
         <object_component_ref idref="oc-366"/>
      </symbol>
      <symbol id="sm-713">
         <name>minit</name>
         <value>0x2f89</value>
         <object_component_ref idref="oc-392"/>
      </symbol>
      <symbol id="sm-723">
         <name>__TI_cleanup</name>
         <value>0x302d</value>
         <object_component_ref idref="oc-36c"/>
      </symbol>
      <symbol id="sm-732">
         <name>strcpy</name>
         <value>0x33cd</value>
         <object_component_ref idref="oc-40e"/>
      </symbol>
      <symbol id="sm-747">
         <name>__TI_closefile</name>
         <value>0x286d</value>
         <object_component_ref idref="oc-3a9"/>
      </symbol>
      <symbol id="sm-76f">
         <name>finddevice</name>
         <value>0x3095</value>
         <object_component_ref idref="oc-446"/>
      </symbol>
      <symbol id="sm-770">
         <name>getdevice</name>
         <value>0x2e61</value>
         <object_component_ref idref="oc-418"/>
      </symbol>
      <symbol id="sm-781">
         <name>strchr</name>
         <value>0x33a3</value>
         <object_component_ref idref="oc-43a"/>
      </symbol>
      <symbol id="sm-790">
         <name>strcmp</name>
         <value>0x3241</value>
         <object_component_ref idref="oc-45f"/>
      </symbol>
      <symbol id="sm-7a0">
         <name>strncpy</name>
         <value>0x2fc1</value>
         <object_component_ref idref="oc-440"/>
      </symbol>
      <symbol id="sm-7b0">
         <name>unlink</name>
         <value>0x30f1</value>
         <object_component_ref idref="oc-3eb"/>
      </symbol>
      <symbol id="sm-7c4">
         <name>close</name>
         <value>0x2ba9</value>
         <object_component_ref idref="oc-3e5"/>
      </symbol>
      <symbol id="sm-7c5">
         <name>__TI_static_base__</name>
         <value>0x0</value>
      </symbol>
      <symbol id="sm-7c8">
         <name>__mpu_init</name>
         <value>0x0</value>
      </symbol>
      <symbol id="sm-7c9">
         <name>_system_post_cinit</name>
         <value>0x0</value>
      </symbol>
      <symbol id="sm-7ca">
         <name>remove</name>
         <value>0x30f1</value>
      </symbol>
   </symbol_table>
   <title>Link successful</title>
</link_info>
